Archive member included to satisfy reference by file (symbol)

c:/program files (x86)/atmel/studio/7.0/toolchain/arm/arm-gnu-toolchain/bin/../lib/gcc/arm-none-eabi/6.3.1/thumb/v6-m\libgcc.a(_udivsi3.o)
                              Board/drv_VGM128064/oled.o (__aeabi_uidiv)
c:/program files (x86)/atmel/studio/7.0/toolchain/arm/arm-gnu-toolchain/bin/../lib/gcc/arm-none-eabi/6.3.1/thumb/v6-m\libgcc.a(_dvmd_tls.o)
                              c:/program files (x86)/atmel/studio/7.0/toolchain/arm/arm-gnu-toolchain/bin/../lib/gcc/arm-none-eabi/6.3.1/thumb/v6-m\libgcc.a(_udivsi3.o) (__aeabi_idiv0)
c:/program files (x86)/atmel/studio/7.0/toolchain/arm/arm-gnu-toolchain/bin/../lib/gcc/arm-none-eabi/6.3.1/thumb/v6-m\libgcc.a(_aeabi_uldivmod.o)
                              hpl/sercom/hpl_sercom.o (__aeabi_uldivmod)
c:/program files (x86)/atmel/studio/7.0/toolchain/arm/arm-gnu-toolchain/bin/../lib/gcc/arm-none-eabi/6.3.1/thumb/v6-m\libgcc.a(_muldi3.o)
                              hpl/sercom/hpl_sercom.o (__aeabi_lmul)
c:/program files (x86)/atmel/studio/7.0/toolchain/arm/arm-gnu-toolchain/bin/../lib/gcc/arm-none-eabi/6.3.1/thumb/v6-m\libgcc.a(_fixunsdfsi.o)
                              hpl/sercom/hpl_sercom.o (__aeabi_d2uiz)
c:/program files (x86)/atmel/studio/7.0/toolchain/arm/arm-gnu-toolchain/bin/../lib/gcc/arm-none-eabi/6.3.1/thumb/v6-m\libgcc.a(_udivmoddi4.o)
                              c:/program files (x86)/atmel/studio/7.0/toolchain/arm/arm-gnu-toolchain/bin/../lib/gcc/arm-none-eabi/6.3.1/thumb/v6-m\libgcc.a(_aeabi_uldivmod.o) (__udivmoddi4)
c:/program files (x86)/atmel/studio/7.0/toolchain/arm/arm-gnu-toolchain/bin/../lib/gcc/arm-none-eabi/6.3.1/thumb/v6-m\libgcc.a(divdf3.o)
                              hpl/sercom/hpl_sercom.o (__aeabi_ddiv)
c:/program files (x86)/atmel/studio/7.0/toolchain/arm/arm-gnu-toolchain/bin/../lib/gcc/arm-none-eabi/6.3.1/thumb/v6-m\libgcc.a(muldf3.o)
                              hpl/sercom/hpl_sercom.o (__aeabi_dmul)
c:/program files (x86)/atmel/studio/7.0/toolchain/arm/arm-gnu-toolchain/bin/../lib/gcc/arm-none-eabi/6.3.1/thumb/v6-m\libgcc.a(subdf3.o)
                              hpl/sercom/hpl_sercom.o (__aeabi_dsub)
c:/program files (x86)/atmel/studio/7.0/toolchain/arm/arm-gnu-toolchain/bin/../lib/gcc/arm-none-eabi/6.3.1/thumb/v6-m\libgcc.a(fixdfsi.o)
                              c:/program files (x86)/atmel/studio/7.0/toolchain/arm/arm-gnu-toolchain/bin/../lib/gcc/arm-none-eabi/6.3.1/thumb/v6-m\libgcc.a(_fixunsdfsi.o) (__aeabi_d2iz)
c:/program files (x86)/atmel/studio/7.0/toolchain/arm/arm-gnu-toolchain/bin/../lib/gcc/arm-none-eabi/6.3.1/thumb/v6-m\libgcc.a(floatsidf.o)
                              hpl/sercom/hpl_sercom.o (__aeabi_i2d)
c:/program files (x86)/atmel/studio/7.0/toolchain/arm/arm-gnu-toolchain/bin/../lib/gcc/arm-none-eabi/6.3.1/thumb/v6-m\libgcc.a(floatunsidf.o)
                              hpl/sercom/hpl_sercom.o (__aeabi_ui2d)
c:/program files (x86)/atmel/studio/7.0/toolchain/arm/arm-gnu-toolchain/bin/../lib/gcc/arm-none-eabi/6.3.1/thumb/v6-m\libgcc.a(_arm_cmpdf2.o)
                              c:/program files (x86)/atmel/studio/7.0/toolchain/arm/arm-gnu-toolchain/bin/../lib/gcc/arm-none-eabi/6.3.1/thumb/v6-m\libgcc.a(_fixunsdfsi.o) (__aeabi_dcmpge)
c:/program files (x86)/atmel/studio/7.0/toolchain/arm/arm-gnu-toolchain/bin/../lib/gcc/arm-none-eabi/6.3.1/thumb/v6-m\libgcc.a(_clzsi2.o)
                              c:/program files (x86)/atmel/studio/7.0/toolchain/arm/arm-gnu-toolchain/bin/../lib/gcc/arm-none-eabi/6.3.1/thumb/v6-m\libgcc.a(divdf3.o) (__clzsi2)
c:/program files (x86)/atmel/studio/7.0/toolchain/arm/arm-gnu-toolchain/bin/../lib/gcc/arm-none-eabi/6.3.1/thumb/v6-m\libgcc.a(_clzdi2.o)
                              c:/program files (x86)/atmel/studio/7.0/toolchain/arm/arm-gnu-toolchain/bin/../lib/gcc/arm-none-eabi/6.3.1/thumb/v6-m\libgcc.a(_udivmoddi4.o) (__clzdi2)
c:/program files (x86)/atmel/studio/7.0/toolchain/arm/arm-gnu-toolchain/bin/../lib/gcc/arm-none-eabi/6.3.1/thumb/v6-m\libgcc.a(eqdf2.o)
                              c:/program files (x86)/atmel/studio/7.0/toolchain/arm/arm-gnu-toolchain/bin/../lib/gcc/arm-none-eabi/6.3.1/thumb/v6-m\libgcc.a(_arm_cmpdf2.o) (__eqdf2)
c:/program files (x86)/atmel/studio/7.0/toolchain/arm/arm-gnu-toolchain/bin/../lib/gcc/arm-none-eabi/6.3.1/thumb/v6-m\libgcc.a(gedf2.o)
                              c:/program files (x86)/atmel/studio/7.0/toolchain/arm/arm-gnu-toolchain/bin/../lib/gcc/arm-none-eabi/6.3.1/thumb/v6-m\libgcc.a(_arm_cmpdf2.o) (__gedf2)
c:/program files (x86)/atmel/studio/7.0/toolchain/arm/arm-gnu-toolchain/bin/../lib/gcc/arm-none-eabi/6.3.1/thumb/v6-m\libgcc.a(ledf2.o)
                              c:/program files (x86)/atmel/studio/7.0/toolchain/arm/arm-gnu-toolchain/bin/../lib/gcc/arm-none-eabi/6.3.1/thumb/v6-m\libgcc.a(_arm_cmpdf2.o) (__ledf2)
[...]
Memory Configuration

Name             Origin             Length             Attributes
rom              0x00000000         0x00040000         xr
ram              0x20000000         0x00008000         xrw
lpram            0x30000000         0x00002000         xrw
*default*        0x00000000         0xffffffff

Linker script and memory map

LOAD c:/program files (x86)/atmel/studio/7.0/toolchain/arm/arm-gnu-toolchain/bin/../lib/gcc/arm-none-eabi/6.3.1/thumb/v6-m/crti.o
LOAD c:/program files (x86)/atmel/studio/7.0/toolchain/arm/arm-gnu-toolchain/bin/../lib/gcc/arm-none-eabi/6.3.1/thumb/v6-m/crtbegin.o
LOAD c:/program files (x86)/atmel/studio/7.0/toolchain/arm/arm-gnu-toolchain/bin/../lib/gcc/arm-none-eabi/6.3.1/../../../../arm-none-eabi/lib/thumb/v6-m/crt0.o
LOAD atmel_start.o
LOAD Board/drv_VGM128064/oled.o
LOAD Device_Startup/startup_saml21.o
LOAD Device_Startup/system_saml21.o
LOAD driver_init.o
LOAD examples/driver_examples.o
LOAD hal/src/hal_atomic.o
LOAD hal/src/hal_delay.o
LOAD hal/src/hal_gpio.o
LOAD hal/src/hal_i2c_m_sync.o
LOAD hal/src/hal_init.o
LOAD hal/src/hal_io.o
LOAD hal/src/hal_pwm.o
LOAD hal/src/hal_sleep.o
LOAD hal/src/hal_usart_sync.o
LOAD hal/utils/src/utils_assert.o
LOAD hal/utils/src/utils_event.o
LOAD hal/utils/src/utils_list.o
LOAD hal/utils/src/utils_syscalls.o
LOAD hpl/core/hpl_core_m0plus_base.o
LOAD hpl/core/hpl_init.o
LOAD hpl/dmac/hpl_dmac.o
LOAD hpl/gclk/hpl_gclk.o
LOAD hpl/mclk/hpl_mclk.o
LOAD hpl/osc32kctrl/hpl_osc32kctrl.o
LOAD hpl/oscctrl/hpl_oscctrl.o
LOAD hpl/pm/hpl_pm.o
LOAD hpl/sercom/hpl_sercom.o
LOAD hpl/systick/hpl_systick.o
LOAD hpl/tcc/hpl_tcc.o
LOAD hpl/tc/hpl_tc.o
LOAD main.o
LOAD stdio_redirect/gcc/read.o
LOAD stdio_redirect/gcc/write.o
LOAD stdio_redirect/stdio_io.o
LOAD stdio_start.o
START GROUP
LOAD c:/program files (x86)/atmel/studio/7.0/toolchain/arm/arm-gnu-toolchain/bin/../lib/gcc/arm-none-eabi/6.3.1/../../../../arm-none-eabi/lib/thumb/v6-m\libm.a
END GROUP
START GROUP
LOAD c:/program files (x86)/atmel/studio/7.0/toolchain/arm/arm-gnu-toolchain/bin/../lib/gcc/arm-none-eabi/6.3.1/thumb/v6-m\libgcc.a
LOAD c:/program files (x86)/atmel/studio/7.0/toolchain/arm/arm-gnu-toolchain/bin/../lib/gcc/arm-none-eabi/6.3.1/../../../../arm-none-eabi/lib/thumb/v6-m\libc_nano.a
END GROUP
START GROUP
LOAD c:/program files (x86)/atmel/studio/7.0/toolchain/arm/arm-gnu-toolchain/bin/../lib/gcc/arm-none-eabi/6.3.1/thumb/v6-m\libgcc.a
LOAD c:/program files (x86)/atmel/studio/7.0/toolchain/arm/arm-gnu-toolchain/bin/../lib/gcc/arm-none-eabi/6.3.1/../../../../arm-none-eabi/lib/thumb/v6-m\libc_nano.a
END GROUP
LOAD c:/program files (x86)/atmel/studio/7.0/toolchain/arm/arm-gnu-toolchain/bin/../lib/gcc/arm-none-eabi/6.3.1/thumb/v6-m/crtend.o
LOAD c:/program files (x86)/atmel/studio/7.0/toolchain/arm/arm-gnu-toolchain/bin/../lib/gcc/arm-none-eabi/6.3.1/thumb/v6-m/crtn.o
                0x00002000                STACK_SIZE = DEFINED (STACK_SIZE)?STACK_SIZE:DEFINED (__stack_size__)?__stack_size__:0x2000

.text           0x00000000     0x52a0
                0x00000000                . = ALIGN (0x4)
                0x00000000                _sfixed = .
 *(.vectors .vectors.*)
 .vectors       0x00000000       0xb4 Device_Startup/startup_saml21.o
                0x00000000                exception_table
 *(.text .text.* .gnu.linkonce.t.*)
 .text          0x000000b4       0x60 c:/program files (x86)/atmel/studio/7.0/toolchain/arm/arm-gnu-toolchain/bin/../lib/gcc/arm-none-eabi/6.3.1/thumb/v6-m/crtbegin.o
 .text.atmel_start_init
                0x00000114       0x14 atmel_start.o
                0x00000114                atmel_start_init
 .text.ssd1106_i2c_bus_init
                0x00000128       0x2c Board/drv_VGM128064/oled.o
                0x00000128                ssd1106_i2c_bus_init
 .text.ssd1106_i2c_bus_write
                0x00000154       0x44 Board/drv_VGM128064/oled.o
                0x00000154                ssd1106_i2c_bus_write
 .text.OLED_WR_Bytes
                0x00000198       0x24 Board/drv_VGM128064/oled.o
                0x00000198                OLED_WR_Bytes
 .text.OLED_WR_Byte
                0x000001bc       0x1c Board/drv_VGM128064/oled.o
                0x000001bc                OLED_WR_Byte
 .text.OLED_Set_Pos
                0x000001d8       0x30 Board/drv_VGM128064/oled.o
                0x000001d8                OLED_Set_Pos
 .text.OLED_Clear
                0x00000208       0x44 Board/drv_VGM128064/oled.o
                0x00000208                OLED_Clear
 .text.OLED_Init
                0x0000024c       0xf0 Board/drv_VGM128064/oled.o
                0x0000024c                OLED_Init
 .text.OLED_FillAll
                0x0000033c       0x44 Board/drv_VGM128064/oled.o
                0x0000033c                OLED_FillAll
 .text.OLED_ShowChar
                0x00000380       0x64 Board/drv_VGM128064/oled.o
                0x00000380                OLED_ShowChar
 .text.OLED_ShowString
                0x000003e4       0xbc Board/drv_VGM128064/oled.o
                0x000003e4                OLED_ShowString
 .text.Dummy_Handler
                0x000004a0        0x2 Device_Startup/startup_saml21.o
                0x000004a0                DMAC_Handler
                0x000004a0                TRNG_Handler
                0x000004a0                HardFault_Handler
                0x000004a0                TC2_Handler
                0x000004a0                AC_Handler
                0x000004a0                SysTick_Handler
                0x000004a0                PendSV_Handler
                0x000004a0                NMI_Handler
                0x000004a0                SERCOM1_Handler
                0x000004a0                ADC_Handler
                0x000004a0                TCC1_Handler
                0x000004a0                SERCOM2_Handler
                0x000004a0                RTC_Handler
                0x000004a0                EIC_Handler
                0x000004a0                WDT_Handler
                0x000004a0                TC4_Handler
                0x000004a0                TC1_Handler
                0x000004a0                USB_Handler
                0x000004a0                TC3_Handler
                0x000004a0                Dummy_Handler
                0x000004a0                SERCOM5_Handler
                0x000004a0                SVC_Handler
                0x000004a0                EVSYS_Handler
                0x000004a0                SERCOM3_Handler
                0x000004a0                SERCOM4_Handler
                0x000004a0                NVMCTRL_Handler
                0x000004a0                SYSTEM_Handler
                0x000004a0                SERCOM0_Handler
                0x000004a0                DAC_Handler
                0x000004a0                PTC_Handler
                0x000004a0                AES_Handler
 *fill*         0x000004a2        0x2 
 .text.Reset_Handler
                0x000004a4       0x98 Device_Startup/startup_saml21.o
                0x000004a4                Reset_Handler
 .text.I2C_0_PORT_init
                0x0000053c       0x50 driver_init.o
                0x0000053c                I2C_0_PORT_init
 .text.I2C_0_CLOCK_init
                0x0000058c       0x24 driver_init.o
                0x0000058c                I2C_0_CLOCK_init
 .text.I2C_0_init
                0x000005b0       0x28 driver_init.o
                0x000005b0                I2C_0_init
 .text.TARGET_IO_PORT_init
                0x000005d8       0x40 driver_init.o
                0x000005d8                TARGET_IO_PORT_init
 .text.TARGET_IO_CLOCK_init
                0x00000618       0x24 driver_init.o
                0x00000618                TARGET_IO_CLOCK_init
 .text.TARGET_IO_init
                0x0000063c       0x2c driver_init.o
                0x0000063c                TARGET_IO_init
 .text.USART_AT_PORT_init
                0x00000668       0x40 driver_init.o
                0x00000668                USART_AT_PORT_init
 .text.USART_AT_CLOCK_init
                0x000006a8       0x24 driver_init.o
                0x000006a8                USART_AT_CLOCK_init
 .text.USART_AT_init
                0x000006cc       0x2c driver_init.o
                0x000006cc                USART_AT_init
 .text.delay_driver_init
                0x000006f8       0x14 driver_init.o
                0x000006f8                delay_driver_init
 .text.PWM_B_PORT_init
                0x0000070c       0x24 driver_init.o
                0x0000070c                PWM_B_PORT_init
 .text.PWM_B_CLOCK_init
                0x00000730       0x20 driver_init.o
                0x00000730                PWM_B_CLOCK_init
 .text.PWM_B_init
                0x00000750       0x34 driver_init.o
                0x00000750                PWM_B_init
 .text.PWM_R_PORT_init
                0x00000784       0x24 driver_init.o
                0x00000784                PWM_R_PORT_init
 .text.PWM_R_CLOCK_init
                0x000007a8       0x1c driver_init.o
                0x000007a8                PWM_R_CLOCK_init
 .text.PWM_R_init
                0x000007c4       0x34 driver_init.o
                0x000007c4                PWM_R_init
 .text.PWM_G_PORT_init
                0x000007f8       0x24 driver_init.o
                0x000007f8                PWM_G_PORT_init
 .text.PWM_G_CLOCK_init
                0x0000081c       0x1c driver_init.o
                0x0000081c                PWM_G_CLOCK_init
 .text.PWM_G_init
                0x00000838       0x34 driver_init.o
                0x00000838                PWM_G_init
 .text.system_init
                0x0000086c       0xb4 driver_init.o
                0x0000086c                system_init
 .text.delay_init
                0x00000920       0x14 hal/src/hal_delay.o
                0x00000920                delay_init
 .text.delay_ms
                0x00000934       0x20 hal/src/hal_delay.o
                0x00000934                delay_ms
 .text.i2c_m_sync_write
                0x00000954       0x30 hal/src/hal_i2c_m_sync.o
 .text.i2c_m_sync_read
                0x00000984       0x30 hal/src/hal_i2c_m_sync.o
 .text.i2c_m_sync_init
                0x000009b4       0x40 hal/src/hal_i2c_m_sync.o
                0x000009b4                i2c_m_sync_init
 .text.i2c_m_sync_enable
                0x000009f4        0xc hal/src/hal_i2c_m_sync.o
                0x000009f4                i2c_m_sync_enable
 .text.i2c_m_sync_set_slaveaddr
                0x00000a00       0x12 hal/src/hal_i2c_m_sync.o
                0x00000a00                i2c_m_sync_set_slaveaddr
 *fill*         0x00000a12        0x2 
 .text.i2c_m_sync_set_baudrate
                0x00000a14        0xc hal/src/hal_i2c_m_sync.o
                0x00000a14                i2c_m_sync_set_baudrate
 .text.i2c_m_sync_cmd_write
                0x00000a20       0x48 hal/src/hal_i2c_m_sync.o
                0x00000a20                i2c_m_sync_cmd_write
 .text.io_write
                0x00000a68       0x34 hal/src/hal_io.o
                0x00000a68                io_write
 .text.io_read  0x00000a9c       0x34 hal/src/hal_io.o
                0x00000a9c                io_read
 .text.pwm_period_expired
                0x00000ad0        0xc hal/src/hal_pwm.o
 .text.pwm_detect_fault
                0x00000adc        0xc hal/src/hal_pwm.o
 .text.pwm_init
                0x00000ae8       0x4c hal/src/hal_pwm.o
                0x00000ae8                pwm_init
 .text.usart_sync_write
                0x00000b34       0x70 hal/src/hal_usart_sync.o
 .text.usart_sync_read
                0x00000ba4       0x68 hal/src/hal_usart_sync.o
 .text.usart_sync_init
                0x00000c0c       0x4c hal/src/hal_usart_sync.o
                0x00000c0c                usart_sync_init
 .text.usart_sync_enable
                0x00000c58       0x2c hal/src/hal_usart_sync.o
                0x00000c58                usart_sync_enable
 .text.assert   0x00000c84        0x8 hal/utils/src/utils_assert.o
                0x00000c84                assert
 .text._sbrk    0x00000c8c       0x24 hal/utils/src/utils_syscalls.o
                0x00000c8c                _sbrk
 .text._close   0x00000cb0        0x6 hal/utils/src/utils_syscalls.o
                0x00000cb0                _close
 .text._fstat   0x00000cb6        0xa hal/utils/src/utils_syscalls.o
                0x00000cb6                _fstat
 .text._isatty  0x00000cc0        0x4 hal/utils/src/utils_syscalls.o
                0x00000cc0                _isatty
 .text._lseek   0x00000cc4        0x4 hal/utils/src/utils_syscalls.o
                0x00000cc4                _lseek
 .text._get_cycles_for_ms
                0x00000cc8        0x8 hpl/core/hpl_core_m0plus_base.o
                0x00000cc8                _get_cycles_for_ms
 .text._init_chip
                0x00000cd0       0x48 hpl/core/hpl_init.o
                0x00000cd0                _init_chip
 .text._gclk_init_generators_by_fref
                0x00000d18       0x14 hpl/gclk/hpl_gclk.o
                0x00000d18                _gclk_init_generators_by_fref
 .text._mclk_init
                0x00000d2c       0x14 hpl/mclk/hpl_mclk.o
                0x00000d2c                _mclk_init
 .text._osc32kctrl_init_sources
                0x00000d40       0x18 hpl/osc32kctrl/hpl_osc32kctrl.o
                0x00000d40                _osc32kctrl_init_sources
 .text._oscctrl_init_sources
                0x00000d58       0x20 hpl/oscctrl/hpl_oscctrl.o
                0x00000d58                _oscctrl_init_sources
 .text._oscctrl_init_referenced_generators
                0x00000d78        0x2 hpl/oscctrl/hpl_oscctrl.o
                0x00000d78                _oscctrl_init_referenced_generators
 .text._set_performance_level
                0x00000d7a       0x2a hpl/pm/hpl_pm.o
                0x00000d7a                _set_performance_level
 .text._get_i2cm_index
                0x00000da4       0x2c hpl/sercom/hpl_sercom.o
 .text._i2c_m_sync_init_impl
                0x00000dd0       0xbc hpl/sercom/hpl_sercom.o
 .text._usart_init
                0x00000e8c      0x100 hpl/sercom/hpl_sercom.o
 .text._usart_sync_init
                0x00000f8c       0x2c hpl/sercom/hpl_sercom.o
                0x00000f8c                _usart_sync_init
 .text._usart_sync_enable
                0x00000fb8       0x14 hpl/sercom/hpl_sercom.o
                0x00000fb8                _usart_sync_enable
 .text._usart_sync_write_byte
                0x00000fcc        0x8 hpl/sercom/hpl_sercom.o
                0x00000fcc                _usart_sync_write_byte
 .text._usart_sync_read_byte
                0x00000fd4        0x8 hpl/sercom/hpl_sercom.o
                0x00000fd4                _usart_sync_read_byte
 .text._usart_sync_is_byte_sent
                0x00000fdc        0xa hpl/sercom/hpl_sercom.o
                0x00000fdc                _usart_sync_is_byte_sent
 .text._usart_sync_is_byte_received
                0x00000fe6        0xa hpl/sercom/hpl_sercom.o
                0x00000fe6                _usart_sync_is_byte_received
 .text._i2c_m_sync_init
                0x00000ff0       0x30 hpl/sercom/hpl_sercom.o
                0x00000ff0                _i2c_m_sync_init
 .text._i2c_m_sync_enable
                0x00001020       0x74 hpl/sercom/hpl_sercom.o
                0x00001020                _i2c_m_sync_enable
 .text._i2c_m_sync_set_baudrate
                0x00001094      0x184 hpl/sercom/hpl_sercom.o
                0x00001094                _i2c_m_sync_set_baudrate
 .text._i2c_m_sync_transfer
                0x00001218      0x500 hpl/sercom/hpl_sercom.o
                0x00001218                _i2c_m_sync_transfer
 .text._delay_init
                0x00001718       0x14 hpl/systick/hpl_systick.o
                0x00001718                _delay_init
 .text._delay_cycles
                0x0000172c       0x54 hpl/systick/hpl_systick.o
                0x0000172c                _delay_cycles
 .text._tcc_pwm_deinit
                0x00001780       0x50 hpl/tcc/hpl_tcc.o
                0x00001780                _tcc_pwm_deinit
 .text._tcc_start_pwm
                0x000017d0       0x14 hpl/tcc/hpl_tcc.o
                0x000017d0                _tcc_start_pwm
 .text._tcc_stop_pwm
                0x000017e4       0x14 hpl/tcc/hpl_tcc.o
                0x000017e4                _tcc_stop_pwm
 .text._tcc_pwm_get_period
                0x000017f8        0x6 hpl/tcc/hpl_tcc.o
                0x000017f8                _tcc_pwm_get_period
 .text._tcc_is_pwm_enabled
                0x000017fe       0x12 hpl/tcc/hpl_tcc.o
                0x000017fe                _tcc_is_pwm_enabled
 .text.tcc_pwm_interrupt_handler
                0x00001810       0x2e hpl/tcc/hpl_tcc.o
 *fill*         0x0000183e        0x2 
 .text.get_tcc_pwm_index
                0x00001840       0x3c hpl/tcc/hpl_tcc.o
 .text._tcc_set_pwm_param
                0x0000187c       0x28 hpl/tcc/hpl_tcc.o
                0x0000187c                _tcc_set_pwm_param
 .text._tcc_pwm_get_duty
                0x000018a4       0x34 hpl/tcc/hpl_tcc.o
                0x000018a4                _tcc_pwm_get_duty
 .text._tcc_pwm_init
                0x000018d8      0x1cc hpl/tcc/hpl_tcc.o
                0x000018d8                _tcc_pwm_init
 .text._tcc_pwm_set_irq_state
                0x00001aa4       0x50 hpl/tcc/hpl_tcc.o
                0x00001aa4                _tcc_pwm_set_irq_state
 .text._tcc_get_pwm
                0x00001af4        0xc hpl/tcc/hpl_tcc.o
                0x00001af4                _tcc_get_pwm
 .text.TCC0_Handler
                0x00001b00       0x14 hpl/tcc/hpl_tcc.o
                0x00001b00                TCC0_Handler
 .text.TCC2_Handler
                0x00001b14       0x14 hpl/tcc/hpl_tcc.o
                0x00001b14                TCC2_Handler
 .text._tc_start_pwm
                0x00001b28       0x14 hpl/tc/hpl_tc.o
                0x00001b28                _tc_start_pwm
 .text._tc_stop_pwm
                0x00001b3c       0x14 hpl/tc/hpl_tc.o
                0x00001b3c                _tc_stop_pwm
 .text._tc_is_pwm_enabled
                0x00001b50       0x12 hpl/tc/hpl_tc.o
                0x00001b50                _tc_is_pwm_enabled
 *fill*         0x00001b62        0x2 
 .text.get_tc_index
                0x00001b64       0x48 hpl/tc/hpl_tc.o
 .text._tc_pwm_init
                0x00001bac      0x11c hpl/tc/hpl_tc.o
                0x00001bac                _tc_pwm_init
 .text._tc_set_pwm_param
                0x00001cc8       0x40 hpl/tc/hpl_tc.o
                0x00001cc8                _tc_set_pwm_param
 .text._tc_pwm_get_period
                0x00001d08       0x30 hpl/tc/hpl_tc.o
                0x00001d08                _tc_pwm_get_period
 .text._tc_pwm_get_duty
                0x00001d38       0x44 hpl/tc/hpl_tc.o
                0x00001d38                _tc_pwm_get_duty
 .text._tc_pwm_deinit
                0x00001d7c       0x74 hpl/tc/hpl_tc.o
                0x00001d7c                _tc_pwm_deinit
 .text._tc_pwm_set_irq_state
                0x00001df0       0x50 hpl/tc/hpl_tc.o
                0x00001df0                _tc_pwm_set_irq_state
 .text._tc_get_pwm
                0x00001e40        0xc hpl/tc/hpl_tc.o
                0x00001e40                _tc_get_pwm
 .text.TC0_Handler
                0x00001e4c       0x38 hpl/tc/hpl_tc.o
                0x00001e4c                TC0_Handler
 .text.main     0x00001e84       0x40 main.o
                0x00001e84                main
 .text._read    0x00001ec4       0x28 stdio_redirect/gcc/read.o
                0x00001ec4                _read
 .text._write   0x00001eec       0x28 stdio_redirect/gcc/write.o
                0x00001eec                _write
 .text.stdio_io_init
                0x00001f14       0x2c stdio_redirect/stdio_io.o
                0x00001f14                stdio_io_init
 .text.stdio_io_read
                0x00001f40       0x24 stdio_redirect/stdio_io.o
                0x00001f40                stdio_io_read
 .text.stdio_io_write
                0x00001f64       0x24 stdio_redirect/stdio_io.o
                0x00001f64                stdio_io_write
 .text.STDIO_REDIRECT_0_example
                0x00001f88       0x14 stdio_start.o
                0x00001f88                STDIO_REDIRECT_0_example
 .text.stdio_redirect_init
                0x00001f9c       0x20 stdio_start.o
                0x00001f9c                stdio_redirect_init
 .text          0x00001fbc      0x114 c:/program files (x86)/atmel/studio/7.0/toolchain/arm/arm-gnu-toolchain/bin/../lib/gcc/arm-none-eabi/6.3.1/thumb/v6-m\libgcc.a(_udivsi3.o)
                0x00001fbc                __aeabi_uidiv
                0x00001fbc                __udivsi3
                0x000020c8                __aeabi_uidivmod
 .text          0x000020d0        0x4 c:/program files (x86)/atmel/studio/7.0/toolchain/arm/arm-gnu-toolchain/bin/../lib/gcc/arm-none-eabi/6.3.1/thumb/v6-m\libgcc.a(_dvmd_tls.o)
                0x000020d0                __aeabi_idiv0
                0x000020d0                __aeabi_ldiv0
 .text          0x000020d4       0x3c c:/program files (x86)/atmel/studio/7.0/toolchain/arm/arm-gnu-toolchain/bin/../lib/gcc/arm-none-eabi/6.3.1/thumb/v6-m\libgcc.a(_fixunsdfsi.o)
                0x000020d4                __aeabi_d2uiz
                0x000020d4                __fixunsdfsi
 .text          0x00002110      0x668 c:/program files (x86)/atmel/studio/7.0/toolchain/arm/arm-gnu-toolchain/bin/../lib/gcc/arm-none-eabi/6.3.1/thumb/v6-m\libgcc.a(divdf3.o)
                0x00002110                __aeabi_ddiv
 .text          0x00002778      0x500 c:/program files (x86)/atmel/studio/7.0/toolchain/arm/arm-gnu-toolchain/bin/../lib/gcc/arm-none-eabi/6.3.1/thumb/v6-m\libgcc.a(muldf3.o)
                0x00002778                __aeabi_dmul
 .text          0x00002c78      0x62c c:/program files (x86)/atmel/studio/7.0/toolchain/arm/arm-gnu-toolchain/bin/../lib/gcc/arm-none-eabi/6.3.1/thumb/v6-m\libgcc.a(subdf3.o)
                0x00002c78                __aeabi_dsub
 .text          0x000032a4       0x68 c:/program files (x86)/atmel/studio/7.0/toolchain/arm/arm-gnu-toolchain/bin/../lib/gcc/arm-none-eabi/6.3.1/thumb/v6-m\libgcc.a(fixdfsi.o)
                0x000032a4                __aeabi_d2iz
 .text          0x0000330c       0x84 c:/program files (x86)/atmel/studio/7.0/toolchain/arm/arm-gnu-toolchain/bin/../lib/gcc/arm-none-eabi/6.3.1/thumb/v6-m\libgcc.a(floatsidf.o)
                0x0000330c                __aeabi_i2d
 .text          0x00003390       0x70 c:/program files (x86)/atmel/studio/7.0/toolchain/arm/arm-gnu-toolchain/bin/../lib/gcc/arm-none-eabi/6.3.1/thumb/v6-m\libgcc.a(floatunsidf.o)
                0x00003390                __aeabi_ui2d
 .text          0x00003400       0x7c c:/program files (x86)/atmel/studio/7.0/toolchain/arm/arm-gnu-toolchain/bin/../lib/gcc/arm-none-eabi/6.3.1/thumb/v6-m\libgcc.a(_arm_cmpdf2.o)
                0x00003400                __aeabi_cdrcmple
                0x00003410                __aeabi_cdcmple
                0x00003410                __aeabi_cdcmpeq
                0x00003420                __aeabi_dcmpeq
                0x0000342c                __aeabi_dcmplt
                0x00003440                __aeabi_dcmple
                0x00003454                __aeabi_dcmpgt
                0x00003468                __aeabi_dcmpge
 .text          0x0000347c       0x3c c:/program files (x86)/atmel/studio/7.0/toolchain/arm/arm-gnu-toolchain/bin/../lib/gcc/arm-none-eabi/6.3.1/thumb/v6-m\libgcc.a(_clzsi2.o)
                0x0000347c                __clzsi2
 .text          0x000034b8       0x74 c:/program files (x86)/atmel/studio/7.0/toolchain/arm/arm-gnu-toolchain/bin/../lib/gcc/arm-none-eabi/6.3.1/thumb/v6-m\libgcc.a(eqdf2.o)
                0x000034b8                __nedf2
                0x000034b8                __eqdf2
 .text          0x0000352c       0xc8 c:/program files (x86)/atmel/studio/7.0/toolchain/arm/arm-gnu-toolchain/bin/../lib/gcc/arm-none-eabi/6.3.1/thumb/v6-m\libgcc.a(gedf2.o)
                0x0000352c                __gedf2
                0x0000352c                __gtdf2
 .text          0x000035f4       0xc4 c:/program files (x86)/atmel/studio/7.0/toolchain/arm/arm-gnu-toolchain/bin/../lib/gcc/arm-none-eabi/6.3.1/thumb/v6-m\libgcc.a(ledf2.o)
                0x000035f4                __ledf2
                0x000035f4                __ltdf2
 .text.__libc_init_array
                0x000036b8       0x48 c:/program files (x86)/atmel/studio/7.0/toolchain/arm/arm-gnu-toolchain/bin/../lib/gcc/arm-none-eabi/6.3.1/../../../../arm-none-eabi/lib/thumb/v6-m\libc_nano.a(lib_a-init.o)
                0x000036b8                __libc_init_array
 .text.memset   0x00003700       0x10 c:/program files (x86)/atmel/studio/7.0/toolchain/arm/arm-gnu-toolchain/bin/../lib/gcc/arm-none-eabi/6.3.1/../../../../arm-none-eabi/lib/thumb/v6-m\libc_nano.a(lib_a-memset.o)
                0x00003700                memset
 .text.printf   0x00003710       0x34 c:/program files (x86)/atmel/studio/7.0/toolchain/arm/arm-gnu-toolchain/bin/../lib/gcc/arm-none-eabi/6.3.1/../../../../arm-none-eabi/lib/thumb/v6-m\libc_nano.a(lib_a-printf.o)
                0x00003710                iprintf
                0x00003710                printf
 .text._puts_r  0x00003744       0xc0 c:/program files (x86)/atmel/studio/7.0/toolchain/arm/arm-gnu-toolchain/bin/../lib/gcc/arm-none-eabi/6.3.1/../../../../arm-none-eabi/lib/thumb/v6-m\libc_nano.a(lib_a-puts.o)
                0x00003744                _puts_r
 .text.puts     0x00003804       0x14 c:/program files (x86)/atmel/studio/7.0/toolchain/arm/arm-gnu-toolchain/bin/../lib/gcc/arm-none-eabi/6.3.1/../../../../arm-none-eabi/lib/thumb/v6-m\libc_nano.a(lib_a-puts.o)
                0x00003804                puts
 .text.setbuf   0x00003818       0x12 c:/program files (x86)/atmel/studio/7.0/toolchain/arm/arm-gnu-toolchain/bin/../lib/gcc/arm-none-eabi/6.3.1/../../../../arm-none-eabi/lib/thumb/v6-m\libc_nano.a(lib_a-setbuf.o)
                0x00003818                setbuf
 *fill*         0x0000382a        0x2 
 .text.setvbuf  0x0000382c      0x158 c:/program files (x86)/atmel/studio/7.0/toolchain/arm/arm-gnu-toolchain/bin/../lib/gcc/arm-none-eabi/6.3.1/../../../../arm-none-eabi/lib/thumb/v6-m\libc_nano.a(lib_a-setvbuf.o)
                0x0000382c                setvbuf
 .text.__swbuf_r
                0x00003984       0xac c:/program files (x86)/atmel/studio/7.0/toolchain/arm/arm-gnu-toolchain/bin/../lib/gcc/arm-none-eabi/6.3.1/../../../../arm-none-eabi/lib/thumb/v6-m\libc_nano.a(lib_a-wbuf.o)
                0x00003984                __swbuf_r
 .text.__swsetup_r
                0x00003a30       0xec c:/program files (x86)/atmel/studio/7.0/toolchain/arm/arm-gnu-toolchain/bin/../lib/gcc/arm-none-eabi/6.3.1/../../../../arm-none-eabi/lib/thumb/v6-m\libc_nano.a(lib_a-wsetup.o)
                0x00003a30                __swsetup_r
 .text.__sflush_r
                0x00003b1c      0x114 c:/program files (x86)/atmel/studio/7.0/toolchain/arm/arm-gnu-toolchain/bin/../lib/gcc/arm-none-eabi/6.3.1/../../../../arm-none-eabi/lib/thumb/v6-m\libc_nano.a(lib_a-fflush.o)
                0x00003b1c                __sflush_r
 .text._fflush_r
                0x00003c30       0x58 c:/program files (x86)/atmel/studio/7.0/toolchain/arm/arm-gnu-toolchain/bin/../lib/gcc/arm-none-eabi/6.3.1/../../../../arm-none-eabi/lib/thumb/v6-m\libc_nano.a(lib_a-fflush.o)
                0x00003c30                _fflush_r
 .text._cleanup_r
                0x00003c88       0x10 c:/program files (x86)/atmel/studio/7.0/toolchain/arm/arm-gnu-toolchain/bin/../lib/gcc/arm-none-eabi/6.3.1/../../../../arm-none-eabi/lib/thumb/v6-m\libc_nano.a(lib_a-findfp.o)
                0x00003c88                _cleanup_r
 .text.std.isra.0
                0x00003c98       0x48 c:/program files (x86)/atmel/studio/7.0/toolchain/arm/arm-gnu-toolchain/bin/../lib/gcc/arm-none-eabi/6.3.1/../../../../arm-none-eabi/lib/thumb/v6-m\libc_nano.a(lib_a-findfp.o)
 .text.__sfmoreglue
                0x00003ce0       0x2c c:/program files (x86)/atmel/studio/7.0/toolchain/arm/arm-gnu-toolchain/bin/../lib/gcc/arm-none-eabi/6.3.1/../../../../arm-none-eabi/lib/thumb/v6-m\libc_nano.a(lib_a-findfp.o)
                0x00003ce0                __sfmoreglue
 .text.__sinit  0x00003d0c       0x68 c:/program files (x86)/atmel/studio/7.0/toolchain/arm/arm-gnu-toolchain/bin/../lib/gcc/arm-none-eabi/6.3.1/../../../../arm-none-eabi/lib/thumb/v6-m\libc_nano.a(lib_a-findfp.o)
                0x00003d0c                __sinit
 .text.__sfp    0x00003d74       0x80 c:/program files (x86)/atmel/studio/7.0/toolchain/arm/arm-gnu-toolchain/bin/../lib/gcc/arm-none-eabi/6.3.1/../../../../arm-none-eabi/lib/thumb/v6-m\libc_nano.a(lib_a-findfp.o)
                0x00003d74                __sfp
 .text._fwalk_reent
                0x00003df4       0x42 c:/program files (x86)/atmel/studio/7.0/toolchain/arm/arm-gnu-toolchain/bin/../lib/gcc/arm-none-eabi/6.3.1/../../../../arm-none-eabi/lib/thumb/v6-m\libc_nano.a(lib_a-fwalk.o)
                0x00003df4                _fwalk_reent
 *fill*         0x00003e36        0x2 
 .text.__swhatbuf_r
                0x00003e38       0x50 c:/program files (x86)/atmel/studio/7.0/toolchain/arm/arm-gnu-toolchain/bin/../lib/gcc/arm-none-eabi/6.3.1/../../../../arm-none-eabi/lib/thumb/v6-m\libc_nano.a(lib_a-makebuf.o)
                0x00003e38                __swhatbuf_r
 .text.__smakebuf_r
                0x00003e88       0x88 c:/program files (x86)/atmel/studio/7.0/toolchain/arm/arm-gnu-toolchain/bin/../lib/gcc/arm-none-eabi/6.3.1/../../../../arm-none-eabi/lib/thumb/v6-m\libc_nano.a(lib_a-makebuf.o)
                0x00003e88                __smakebuf_r
 .text.malloc   0x00003f10       0x14 c:/program files (x86)/atmel/studio/7.0/toolchain/arm/arm-gnu-toolchain/bin/../lib/gcc/arm-none-eabi/6.3.1/../../../../arm-none-eabi/lib/thumb/v6-m\libc_nano.a(lib_a-malloc.o)
                0x00003f10                malloc
 .text._free_r  0x00003f24       0x94 c:/program files (x86)/atmel/studio/7.0/toolchain/arm/arm-gnu-toolchain/bin/../lib/gcc/arm-none-eabi/6.3.1/../../../../arm-none-eabi/lib/thumb/v6-m\libc_nano.a(lib_a-nano-freer.o)
                0x00003f24                _free_r
 .text._malloc_r
                0x00003fb8       0xbc c:/program files (x86)/atmel/studio/7.0/toolchain/arm/arm-gnu-toolchain/bin/../lib/gcc/arm-none-eabi/6.3.1/../../../../arm-none-eabi/lib/thumb/v6-m\libc_nano.a(lib_a-nano-mallocr.o)
                0x00003fb8                _malloc_r
 .text.__sfputc_r
                0x00004074       0x2a c:/program files (x86)/atmel/studio/7.0/toolchain/arm/arm-gnu-toolchain/bin/../lib/gcc/arm-none-eabi/6.3.1/../../../../arm-none-eabi/lib/thumb/v6-m\libc_nano.a(lib_a-nano-vfprintf.o)
 .text.__sfputs_r
                0x0000409e       0x24 c:/program files (x86)/atmel/studio/7.0/toolchain/arm/arm-gnu-toolchain/bin/../lib/gcc/arm-none-eabi/6.3.1/../../../../arm-none-eabi/lib/thumb/v6-m\libc_nano.a(lib_a-nano-vfprintf.o)
                0x0000409e                __sfputs_r
 *fill*         0x000040c2        0x2 
 .text._vfprintf_r
                0x000040c4      0x238 c:/program files (x86)/atmel/studio/7.0/toolchain/arm/arm-gnu-toolchain/bin/../lib/gcc/arm-none-eabi/6.3.1/../../../../arm-none-eabi/lib/thumb/v6-m\libc_nano.a(lib_a-nano-vfprintf.o)
                0x000040c4                _vfprintf_r
                0x000040c4                _vfiprintf_r
 .text._printf_common
                0x000042fc       0xda c:/program files (x86)/atmel/studio/7.0/toolchain/arm/arm-gnu-toolchain/bin/../lib/gcc/arm-none-eabi/6.3.1/../../../../arm-none-eabi/lib/thumb/v6-m\libc_nano.a(lib_a-nano-vfprintf_i.o)
                0x000042fc                _printf_common
 *fill*         0x000043d6        0x2 
 .text._printf_i
                0x000043d8      0x234 c:/program files (x86)/atmel/studio/7.0/toolchain/arm/arm-gnu-toolchain/bin/../lib/gcc/arm-none-eabi/6.3.1/../../../../arm-none-eabi/lib/thumb/v6-m\libc_nano.a(lib_a-nano-vfprintf_i.o)
                0x000043d8                _printf_i
 .text._sbrk_r  0x0000460c       0x24 c:/program files (x86)/atmel/studio/7.0/toolchain/arm/arm-gnu-toolchain/bin/../lib/gcc/arm-none-eabi/6.3.1/../../../../arm-none-eabi/lib/thumb/v6-m\libc_nano.a(lib_a-sbrkr.o)
                0x0000460c                _sbrk_r
 .text.__sread  0x00004630       0x28 c:/program files (x86)/atmel/studio/7.0/toolchain/arm/arm-gnu-toolchain/bin/../lib/gcc/arm-none-eabi/6.3.1/../../../../arm-none-eabi/lib/thumb/v6-m\libc_nano.a(lib_a-stdio.o)
                0x00004630                __sread
 .text.__swrite
                0x00004658       0x38 c:/program files (x86)/atmel/studio/7.0/toolchain/arm/arm-gnu-toolchain/bin/../lib/gcc/arm-none-eabi/6.3.1/../../../../arm-none-eabi/lib/thumb/v6-m\libc_nano.a(lib_a-stdio.o)
                0x00004658                __swrite
 .text.__sseek  0x00004690       0x2c c:/program files (x86)/atmel/studio/7.0/toolchain/arm/arm-gnu-toolchain/bin/../lib/gcc/arm-none-eabi/6.3.1/../../../../arm-none-eabi/lib/thumb/v6-m\libc_nano.a(lib_a-stdio.o)
                0x00004690                __sseek
 .text.__sclose
                0x000046bc        0xc c:/program files (x86)/atmel/studio/7.0/toolchain/arm/arm-gnu-toolchain/bin/../lib/gcc/arm-none-eabi/6.3.1/../../../../arm-none-eabi/lib/thumb/v6-m\libc_nano.a(lib_a-stdio.o)
                0x000046bc                __sclose
 .text._write_r
                0x000046c8       0x28 c:/program files (x86)/atmel/studio/7.0/toolchain/arm/arm-gnu-toolchain/bin/../lib/gcc/arm-none-eabi/6.3.1/../../../../arm-none-eabi/lib/thumb/v6-m\libc_nano.a(lib_a-writer.o)
                0x000046c8                _write_r
 .text._close_r
                0x000046f0       0x24 c:/program files (x86)/atmel/studio/7.0/toolchain/arm/arm-gnu-toolchain/bin/../lib/gcc/arm-none-eabi/6.3.1/../../../../arm-none-eabi/lib/thumb/v6-m\libc_nano.a(lib_a-closer.o)
                0x000046f0                _close_r
 .text._fstat_r
                0x00004714       0x24 c:/program files (x86)/atmel/studio/7.0/toolchain/arm/arm-gnu-toolchain/bin/../lib/gcc/arm-none-eabi/6.3.1/../../../../arm-none-eabi/lib/thumb/v6-m\libc_nano.a(lib_a-fstatr.o)
                0x00004714                _fstat_r
 .text._isatty_r
                0x00004738       0x24 c:/program files (x86)/atmel/studio/7.0/toolchain/arm/arm-gnu-toolchain/bin/../lib/gcc/arm-none-eabi/6.3.1/../../../../arm-none-eabi/lib/thumb/v6-m\libc_nano.a(lib_a-isattyr.o)
                0x00004738                _isatty_r
 .text._lseek_r
                0x0000475c       0x28 c:/program files (x86)/atmel/studio/7.0/toolchain/arm/arm-gnu-toolchain/bin/../lib/gcc/arm-none-eabi/6.3.1/../../../../arm-none-eabi/lib/thumb/v6-m\libc_nano.a(lib_a-lseekr.o)
                0x0000475c                _lseek_r
 .text.memchr   0x00004784       0x16 c:/program files (x86)/atmel/studio/7.0/toolchain/arm/arm-gnu-toolchain/bin/../lib/gcc/arm-none-eabi/6.3.1/../../../../arm-none-eabi/lib/thumb/v6-m\libc_nano.a(lib_a-memchr-stub.o)
                0x00004784                memchr
 .text.__malloc_lock
                0x0000479a        0x2 c:/program files (x86)/atmel/studio/7.0/toolchain/arm/arm-gnu-toolchain/bin/../lib/gcc/arm-none-eabi/6.3.1/../../../../arm-none-eabi/lib/thumb/v6-m\libc_nano.a(lib_a-mlock.o)
                0x0000479a                __malloc_lock
 .text.__malloc_unlock
                0x0000479c        0x2 c:/program files (x86)/atmel/studio/7.0/toolchain/arm/arm-gnu-toolchain/bin/../lib/gcc/arm-none-eabi/6.3.1/../../../../arm-none-eabi/lib/thumb/v6-m\libc_nano.a(lib_a-mlock.o)
                0x0000479c                __malloc_unlock
 *fill*         0x0000479e        0x2 
 .text._read_r  0x000047a0       0x28 c:/program files (x86)/atmel/studio/7.0/toolchain/arm/arm-gnu-toolchain/bin/../lib/gcc/arm-none-eabi/6.3.1/../../../../arm-none-eabi/lib/thumb/v6-m\libc_nano.a(lib_a-readr.o)
                0x000047a0                _read_r
 *(.glue_7t)
 .glue_7t       0x000047c8        0x0 linker stubs
 *(.glue_7)
 .glue_7        0x000047c8        0x0 linker stubs
 *(.rodata .rodata* .gnu.linkonce.r.*)
 .rodata        0x000047c8      0x820 Board/drv_VGM128064/oled.o
                0x000047d0                F8X16
                0x00004dc0                F6x8
 .rodata.str1.4
                0x00004fe8       0x3b Board/drv_VGM128064/oled.o
 *fill*         0x00005023        0x1 
 .rodata.str1.4
                0x00005024       0x1c hal/src/hal_i2c_m_sync.o
 .rodata.str1.4
                0x00005040       0x14 hal/src/hal_io.o
 .rodata.str1.4
                0x00005054       0x15 hal/src/hal_pwm.o
 *fill*         0x00005069        0x3 
 .rodata.str1.4
                0x0000506c       0x1c hal/src/hal_usart_sync.o
 .rodata        0x00005088       0x51 hpl/sercom/hpl_sercom.o
 *fill*         0x000050d9        0x3 
 .rodata.str1.4
                0x000050dc       0x1b hpl/sercom/hpl_sercom.o
 *fill*         0x000050f7        0x1 
 .rodata        0x000050f8       0x20 hpl/tcc/hpl_tcc.o
 .rodata.str1.4
                0x00005118       0x15 hpl/tcc/hpl_tcc.o
 *fill*         0x0000512d        0x3 
 .rodata.str1.4
                0x00005130       0x13 hpl/tc/hpl_tc.o
 *fill*         0x00005143        0x1 
 .rodata.str1.4
                0x00005144        0xa main.o
 *fill*         0x0000514e        0x2 
 .rodata.str1.4
                0x00005150       0x18 stdio_start.o
                                 0x16 (size before relaxing)
 .rodata        0x00005168       0x40 c:/program files (x86)/atmel/studio/7.0/toolchain/arm/arm-gnu-toolchain/bin/../lib/gcc/arm-none-eabi/6.3.1/thumb/v6-m\libgcc.a(divdf3.o)
 .rodata        0x000051a8       0x40 c:/program files (x86)/atmel/studio/7.0/toolchain/arm/arm-gnu-toolchain/bin/../lib/gcc/arm-none-eabi/6.3.1/thumb/v6-m\libgcc.a(muldf3.o)
 .rodata._global_impure_ptr
                0x000051e8        0x4 c:/program files (x86)/atmel/studio/7.0/toolchain/arm/arm-gnu-toolchain/bin/../lib/gcc/arm-none-eabi/6.3.1/../../../../arm-none-eabi/lib/thumb/v6-m\libc_nano.a(lib_a-impure.o)
                0x000051e8                _global_impure_ptr
 .rodata.__sf_fake_stderr
                0x000051ec       0x20 c:/program files (x86)/atmel/studio/7.0/toolchain/arm/arm-gnu-toolchain/bin/../lib/gcc/arm-none-eabi/6.3.1/../../../../arm-none-eabi/lib/thumb/v6-m\libc_nano.a(lib_a-findfp.o)
                0x000051ec                __sf_fake_stderr
 .rodata.__sf_fake_stdin
                0x0000520c       0x20 c:/program files (x86)/atmel/studio/7.0/toolchain/arm/arm-gnu-toolchain/bin/../lib/gcc/arm-none-eabi/6.3.1/../../../../arm-none-eabi/lib/thumb/v6-m\libc_nano.a(lib_a-findfp.o)
                0x0000520c                __sf_fake_stdin
 .rodata.__sf_fake_stdout
                0x0000522c       0x20 c:/program files (x86)/atmel/studio/7.0/toolchain/arm/arm-gnu-toolchain/bin/../lib/gcc/arm-none-eabi/6.3.1/../../../../arm-none-eabi/lib/thumb/v6-m\libc_nano.a(lib_a-findfp.o)
                0x0000522c                __sf_fake_stdout
 .rodata._vfprintf_r.str1.1
                0x0000524c       0x11 c:/program files (x86)/atmel/studio/7.0/toolchain/arm/arm-gnu-toolchain/bin/../lib/gcc/arm-none-eabi/6.3.1/../../../../arm-none-eabi/lib/thumb/v6-m\libc_nano.a(lib_a-nano-vfprintf.o)
 .rodata._printf_i.str1.1
                0x0000525d       0x22 c:/program files (x86)/atmel/studio/7.0/toolchain/arm/arm-gnu-toolchain/bin/../lib/gcc/arm-none-eabi/6.3.1/../../../../arm-none-eabi/lib/thumb/v6-m\libc_nano.a(lib_a-nano-vfprintf_i.o)
 *(.ARM.extab* .gnu.linkonce.armextab.*)
                0x00005280                . = ALIGN (0x4)
 *fill*         0x0000527f        0x1 
 *(.init)
 .init          0x00005280        0x4 c:/program files (x86)/atmel/studio/7.0/toolchain/arm/arm-gnu-toolchain/bin/../lib/gcc/arm-none-eabi/6.3.1/thumb/v6-m/crti.o
                0x00005280                _init
 .init          0x00005284        0x8 c:/program files (x86)/atmel/studio/7.0/toolchain/arm/arm-gnu-toolchain/bin/../lib/gcc/arm-none-eabi/6.3.1/thumb/v6-m/crtn.o
                0x0000528c                . = ALIGN (0x4)
                0x0000528c                __preinit_array_start = .
 *(.preinit_array)
                0x0000528c                __preinit_array_end = .
                0x0000528c                . = ALIGN (0x4)
                0x0000528c                __init_array_start = .
 *(SORT(.init_array.*))
 *(.init_array)
 .init_array    0x0000528c        0x4 c:/program files (x86)/atmel/studio/7.0/toolchain/arm/arm-gnu-toolchain/bin/../lib/gcc/arm-none-eabi/6.3.1/thumb/v6-m/crtbegin.o
                0x00005290                __init_array_end = .
                0x00005290                . = ALIGN (0x4)
 *crtbegin.o(.ctors)
 *(EXCLUDE_FILE(*crtend.o) .ctors)
 *(SORT(.ctors.*))
 *crtend.o(.ctors)
                0x00005290                . = ALIGN (0x4)
 *(.fini)
 .fini          0x00005290        0x4 c:/program files (x86)/atmel/studio/7.0/toolchain/arm/arm-gnu-toolchain/bin/../lib/gcc/arm-none-eabi/6.3.1/thumb/v6-m/crti.o
                0x00005290                _fini
 .fini          0x00005294        0x8 c:/program files (x86)/atmel/studio/7.0/toolchain/arm/arm-gnu-toolchain/bin/../lib/gcc/arm-none-eabi/6.3.1/thumb/v6-m/crtn.o
                0x0000529c                . = ALIGN (0x4)
                0x0000529c                __fini_array_start = .
 *(.fini_array)
 .fini_array    0x0000529c        0x4 c:/program files (x86)/atmel/studio/7.0/toolchain/arm/arm-gnu-toolchain/bin/../lib/gcc/arm-none-eabi/6.3.1/thumb/v6-m/crtbegin.o
 *(SORT(.fini_array.*))
                0x000052a0                __fini_array_end = .
 *crtbegin.o(.dtors)
 *(EXCLUDE_FILE(*crtend.o) .dtors)
 *(SORT(.dtors.*))
 *crtend.o(.dtors)
                0x000052a0                . = ALIGN (0x4)
                0x000052a0                _efixed = .
                [!provide]                PROVIDE (__exidx_start, .)

.vfp11_veneer   0x000052a0        0x0
 .vfp11_veneer  0x000052a0        0x0 linker stubs

.v4_bx          0x000052a0        0x0
 .v4_bx         0x000052a0        0x0 linker stubs

.iplt           0x000052a0        0x0
 .iplt          0x000052a0        0x0 c:/program files (x86)/atmel/studio/7.0/toolchain/arm/arm-gnu-toolchain/bin/../lib/gcc/arm-none-eabi/6.3.1/thumb/v6-m/crtbegin.o

.eh_frame       0x000052a0        0x0
 .eh_frame      0x000052a0        0x0 c:/program files (x86)/atmel/studio/7.0/toolchain/arm/arm-gnu-toolchain/bin/../lib/gcc/arm-none-eabi/6.3.1/thumb/v6-m/crtbegin.o

.rel.dyn        0x000052a0        0x0
 .rel.iplt      0x000052a0        0x0 c:/program files (x86)/atmel/studio/7.0/toolchain/arm/arm-gnu-toolchain/bin/../lib/gcc/arm-none-eabi/6.3.1/thumb/v6-m/crtbegin.o

.jcr            0x000052a0        0x0
 .jcr           0x000052a0        0x0 c:/program files (x86)/atmel/studio/7.0/toolchain/arm/arm-gnu-toolchain/bin/../lib/gcc/arm-none-eabi/6.3.1/thumb/v6-m/crtbegin.o

.igot.plt       0x000052a0        0x0
 .igot.plt      0x000052a0        0x0 c:/program files (x86)/atmel/studio/7.0/toolchain/arm/arm-gnu-toolchain/bin/../lib/gcc/arm-none-eabi/6.3.1/thumb/v6-m/crtbegin.o

.ARM.exidx
 *(.ARM.exidx* .gnu.linkonce.armexidx.*)
                [!provide]                PROVIDE (__exidx_end, .)
                0x000052a0                . = ALIGN (0x4)
                0x000052a0                _etext = .

.relocate       0x20000000      0x108 load address 0x000052a0
                0x20000000                . = ALIGN (0x4)
                0x20000000                _srelocate = .
 *(.ramfunc .ramfunc.*)
 *(.data .data.*)
 .data          0x20000000       0x6c hpl/tcc/hpl_tcc.o
 .data          0x2000006c       0x38 hpl/tc/hpl_tc.o
 .data._impure_ptr
                0x200000a4        0x4 c:/program files (x86)/atmel/studio/7.0/toolchain/arm/arm-gnu-toolchain/bin/../lib/gcc/arm-none-eabi/6.3.1/../../../../arm-none-eabi/lib/thumb/v6-m\libc_nano.a(lib_a-impure.o)
                0x200000a4                _impure_ptr
 .data.impure_data
                0x200000a8       0x60 c:/program files (x86)/atmel/studio/7.0/toolchain/arm/arm-gnu-toolchain/bin/../lib/gcc/arm-none-eabi/6.3.1/../../../../arm-none-eabi/lib/thumb/v6-m\libc_nano.a(lib_a-impure.o)
                0x20000108                . = ALIGN (0x4)
                0x20000108                _erelocate = .

.lpram          0x30000000        0x0
                0x30000000                . = ALIGN (0x8)
                0x30000000                _slpram = .
 *(.lpram .lpram.*)
                0x30000000                . = ALIGN (0x8)
                0x30000000                _elpram = .

.bss            0x20000108       0xd8 load address 0x000053a8
                0x20000108                . = ALIGN (0x4)
                0x20000108                _sbss = .
                0x20000108                _szero = .
 *(.bss .bss.*)
 .bss           0x20000108       0x1c c:/program files (x86)/atmel/studio/7.0/toolchain/arm/arm-gnu-toolchain/bin/../lib/gcc/arm-none-eabi/6.3.1/thumb/v6-m/crtbegin.o
 .bss           0x20000124        0x4 hal/src/hal_delay.o
 .bss           0x20000128        0x4 hal/utils/src/utils_syscalls.o
 .bss           0x2000012c        0x8 hpl/tcc/hpl_tcc.o
 .bss           0x20000134        0x4 hpl/tc/hpl_tc.o
 .bss           0x20000138        0x4 stdio_redirect/stdio_io.o
 .bss.__malloc_free_list
                0x2000013c        0x4 c:/program files (x86)/atmel/studio/7.0/toolchain/arm/arm-gnu-toolchain/bin/../lib/gcc/arm-none-eabi/6.3.1/../../../../arm-none-eabi/lib/thumb/v6-m\libc_nano.a(lib_a-nano-mallocr.o)
                0x2000013c                __malloc_free_list
 .bss.__malloc_sbrk_start
                0x20000140        0x4 c:/program files (x86)/atmel/studio/7.0/toolchain/arm/arm-gnu-toolchain/bin/../lib/gcc/arm-none-eabi/6.3.1/../../../../arm-none-eabi/lib/thumb/v6-m\libc_nano.a(lib_a-nano-mallocr.o)
                0x20000140                __malloc_sbrk_start
 *(COMMON)
 COMMON         0x20000144       0x98 driver_init.o
                0x20000144                PWM_G
                0x20000164                TARGET_IO
                0x20000170                PWM_R
                0x20000190                USART_AT
                0x2000019c                PWM_B
                0x200001bc                I2C_0
 COMMON         0x200001dc        0x4 c:/program files (x86)/atmel/studio/7.0/toolchain/arm/arm-gnu-toolchain/bin/../lib/gcc/arm-none-eabi/6.3.1/../../../../arm-none-eabi/lib/thumb/v6-m\libc_nano.a(lib_a-reent.o)
                0x200001dc                errno
                0x200001e0                . = ALIGN (0x4)
                0x200001e0                _ebss = .
                0x200001e0                _ezero = .

.stack          0x200001e0     0x2000 load address 0x00005480
                0x200001e0                . = ALIGN (0x8)
                0x200001e0                _sstack = .
                0x200021e0                . = (. + STACK_SIZE)
 *fill*         0x200001e0     0x2000 
                0x200021e0                . = ALIGN (0x8)
                0x200021e0                _estack = .
                0x200021e0                . = ALIGN (0x4)
                0x200021e0                _end = .
OUTPUT(MXkit-L21.elf elf32-littlearm)

.ARM.attributes
                0x00000000       0x28
 .ARM.attributes
                0x00000000       0x1e c:/program files (x86)/atmel/studio/7.0/toolchain/arm/arm-gnu-toolchain/bin/../lib/gcc/arm-none-eabi/6.3.1/thumb/v6-m/crti.o
 .ARM.attributes
                0x0000001e       0x2c c:/program files (x86)/atmel/studio/7.0/toolchain/arm/arm-gnu-toolchain/bin/../lib/gcc/arm-none-eabi/6.3.1/thumb/v6-m/crtbegin.o
 .ARM.attributes
                0x0000004a       0x32 atmel_start.o
 .ARM.attributes
                0x0000007c       0x32 Board/drv_VGM128064/oled.o
 .ARM.attributes
                0x000000ae       0x32 Device_Startup/startup_saml21.o
 .ARM.attributes
                0x000000e0       0x32 driver_init.o
 .ARM.attributes
                0x00000112       0x32 hal/src/hal_delay.o
 .ARM.attributes
                0x00000144       0x32 hal/src/hal_i2c_m_sync.o
 .ARM.attributes
                0x00000176       0x32 hal/src/hal_io.o
 .ARM.attributes
                0x000001a8       0x32 hal/src/hal_pwm.o
 .ARM.attributes
                0x000001da       0x32 hal/src/hal_usart_sync.o
 .ARM.attributes
                0x0000020c       0x32 hal/utils/src/utils_assert.o
 .ARM.attributes
                0x0000023e       0x32 hal/utils/src/utils_syscalls.o
 .ARM.attributes
                0x00000270       0x32 hpl/core/hpl_core_m0plus_base.o
 .ARM.attributes
                0x000002a2       0x32 hpl/core/hpl_init.o
 .ARM.attributes
                0x000002d4       0x32 hpl/gclk/hpl_gclk.o
 .ARM.attributes
                0x00000306       0x32 hpl/mclk/hpl_mclk.o
 .ARM.attributes
                0x00000338       0x32 hpl/osc32kctrl/hpl_osc32kctrl.o
 .ARM.attributes
                0x0000036a       0x32 hpl/oscctrl/hpl_oscctrl.o
 .ARM.attributes
                0x0000039c       0x32 hpl/pm/hpl_pm.o
 .ARM.attributes
                0x000003ce       0x32 hpl/sercom/hpl_sercom.o
 .ARM.attributes
                0x00000400       0x32 hpl/systick/hpl_systick.o
 .ARM.attributes
                0x00000432       0x32 hpl/tcc/hpl_tcc.o
 .ARM.attributes
                0x00000464       0x32 hpl/tc/hpl_tc.o
 .ARM.attributes
                0x00000496       0x32 main.o
 .ARM.attributes
                0x000004c8       0x32 stdio_redirect/gcc/read.o
 .ARM.attributes
                0x000004fa       0x32 stdio_redirect/gcc/write.o
 .ARM.attributes
                0x0000052c       0x32 stdio_redirect/stdio_io.o
 .ARM.attributes
                0x0000055e       0x32 stdio_start.o
 .ARM.attributes
                0x00000590       0x1e c:/program files (x86)/atmel/studio/7.0/toolchain/arm/arm-gnu-toolchain/bin/../lib/gcc/arm-none-eabi/6.3.1/thumb/v6-m\libgcc.a(_udivsi3.o)
 .ARM.attributes
                0x000005ae       0x1e c:/program files (x86)/atmel/studio/7.0/toolchain/arm/arm-gnu-toolchain/bin/../lib/gcc/arm-none-eabi/6.3.1/thumb/v6-m\libgcc.a(_dvmd_tls.o)
 .ARM.attributes
                0x000005cc       0x2c c:/program files (x86)/atmel/studio/7.0/toolchain/arm/arm-gnu-toolchain/bin/../lib/gcc/arm-none-eabi/6.3.1/thumb/v6-m\libgcc.a(_fixunsdfsi.o)
 .ARM.attributes
                0x000005f8       0x2c c:/program files (x86)/atmel/studio/7.0/toolchain/arm/arm-gnu-toolchain/bin/../lib/gcc/arm-none-eabi/6.3.1/thumb/v6-m\libgcc.a(divdf3.o)
 .ARM.attributes
                0x00000624       0x2c c:/program files (x86)/atmel/studio/7.0/toolchain/arm/arm-gnu-toolchain/bin/../lib/gcc/arm-none-eabi/6.3.1/thumb/v6-m\libgcc.a(muldf3.o)
 .ARM.attributes
                0x00000650       0x2c c:/program files (x86)/atmel/studio/7.0/toolchain/arm/arm-gnu-toolchain/bin/../lib/gcc/arm-none-eabi/6.3.1/thumb/v6-m\libgcc.a(subdf3.o)
 .ARM.attributes
                0x0000067c       0x2c c:/program files (x86)/atmel/studio/7.0/toolchain/arm/arm-gnu-toolchain/bin/../lib/gcc/arm-none-eabi/6.3.1/thumb/v6-m\libgcc.a(fixdfsi.o)
 .ARM.attributes
                0x000006a8       0x2c c:/program files (x86)/atmel/studio/7.0/toolchain/arm/arm-gnu-toolchain/bin/../lib/gcc/arm-none-eabi/6.3.1/thumb/v6-m\libgcc.a(floatsidf.o)
 .ARM.attributes
                0x000006d4       0x2c c:/program files (x86)/atmel/studio/7.0/toolchain/arm/arm-gnu-toolchain/bin/../lib/gcc/arm-none-eabi/6.3.1/thumb/v6-m\libgcc.a(floatunsidf.o)
 .ARM.attributes
                0x00000700       0x1e c:/program files (x86)/atmel/studio/7.0/toolchain/arm/arm-gnu-toolchain/bin/../lib/gcc/arm-none-eabi/6.3.1/thumb/v6-m\libgcc.a(_arm_cmpdf2.o)
 .ARM.attributes
                0x0000071e       0x1e c:/program files (x86)/atmel/studio/7.0/toolchain/arm/arm-gnu-toolchain/bin/../lib/gcc/arm-none-eabi/6.3.1/thumb/v6-m\libgcc.a(_clzsi2.o)
 .ARM.attributes
                0x0000073c       0x2c c:/program files (x86)/atmel/studio/7.0/toolchain/arm/arm-gnu-toolchain/bin/../lib/gcc/arm-none-eabi/6.3.1/thumb/v6-m\libgcc.a(eqdf2.o)
 .ARM.attributes
                0x00000768       0x2c c:/program files (x86)/atmel/studio/7.0/toolchain/arm/arm-gnu-toolchain/bin/../lib/gcc/arm-none-eabi/6.3.1/thumb/v6-m\libgcc.a(gedf2.o)
 .ARM.attributes
                0x00000794       0x2c c:/program files (x86)/atmel/studio/7.0/toolchain/arm/arm-gnu-toolchain/bin/../lib/gcc/arm-none-eabi/6.3.1/thumb/v6-m\libgcc.a(ledf2.o)
 .ARM.attributes
                0x000007c0       0x2c c:/program files (x86)/atmel/studio/7.0/toolchain/arm/arm-gnu-toolchain/bin/../lib/gcc/arm-none-eabi/6.3.1/../../../../arm-none-eabi/lib/thumb/v6-m\libc_nano.a(lib_a-impure.o)
 .ARM.attributes
                0x000007ec       0x2c c:/program files (x86)/atmel/studio/7.0/toolchain/arm/arm-gnu-toolchain/bin/../lib/gcc/arm-none-eabi/6.3.1/../../../../arm-none-eabi/lib/thumb/v6-m\libc_nano.a(lib_a-init.o)
 .ARM.attributes
                0x00000818       0x2c c:/program files (x86)/atmel/studio/7.0/toolchain/arm/arm-gnu-toolchain/bin/../lib/gcc/arm-none-eabi/6.3.1/../../../../arm-none-eabi/lib/thumb/v6-m\libc_nano.a(lib_a-memset.o)
 .ARM.attributes
                0x00000844       0x2c c:/program files (x86)/atmel/studio/7.0/toolchain/arm/arm-gnu-toolchain/bin/../lib/gcc/arm-none-eabi/6.3.1/../../../../arm-none-eabi/lib/thumb/v6-m\libc_nano.a(lib_a-printf.o)
 .ARM.attributes
                0x00000870       0x2c c:/program files (x86)/atmel/studio/7.0/toolchain/arm/arm-gnu-toolchain/bin/../lib/gcc/arm-none-eabi/6.3.1/../../../../arm-none-eabi/lib/thumb/v6-m\libc_nano.a(lib_a-puts.o)
 .ARM.attributes
                0x0000089c       0x2c c:/program files (x86)/atmel/studio/7.0/toolchain/arm/arm-gnu-toolchain/bin/../lib/gcc/arm-none-eabi/6.3.1/../../../../arm-none-eabi/lib/thumb/v6-m\libc_nano.a(lib_a-setbuf.o)
 .ARM.attributes
                0x000008c8       0x2c c:/program files (x86)/atmel/studio/7.0/toolchain/arm/arm-gnu-toolchain/bin/../lib/gcc/arm-none-eabi/6.3.1/../../../../arm-none-eabi/lib/thumb/v6-m\libc_nano.a(lib_a-setvbuf.o)
 .ARM.attributes
                0x000008f4       0x2c c:/program files (x86)/atmel/studio/7.0/toolchain/arm/arm-gnu-toolchain/bin/../lib/gcc/arm-none-eabi/6.3.1/../../../../arm-none-eabi/lib/thumb/v6-m\libc_nano.a(lib_a-wbuf.o)
 .ARM.attributes
                0x00000920       0x2c c:/program files (x86)/atmel/studio/7.0/toolchain/arm/arm-gnu-toolchain/bin/../lib/gcc/arm-none-eabi/6.3.1/../../../../arm-none-eabi/lib/thumb/v6-m\libc_nano.a(lib_a-wsetup.o)
 .ARM.attributes
                0x0000094c       0x2c c:/program files (x86)/atmel/studio/7.0/toolchain/arm/arm-gnu-toolchain/bin/../lib/gcc/arm-none-eabi/6.3.1/../../../../arm-none-eabi/lib/thumb/v6-m\libc_nano.a(lib_a-fflush.o)
 .ARM.attributes
                0x00000978       0x2c c:/program files (x86)/atmel/studio/7.0/toolchain/arm/arm-gnu-toolchain/bin/../lib/gcc/arm-none-eabi/6.3.1/../../../../arm-none-eabi/lib/thumb/v6-m\libc_nano.a(lib_a-findfp.o)
 .ARM.attributes
                0x000009a4       0x2c c:/program files (x86)/atmel/studio/7.0/toolchain/arm/arm-gnu-toolchain/bin/../lib/gcc/arm-none-eabi/6.3.1/../../../../arm-none-eabi/lib/thumb/v6-m\libc_nano.a(lib_a-fwalk.o)
 .ARM.attributes
                0x000009d0       0x2c c:/program files (x86)/atmel/studio/7.0/toolchain/arm/arm-gnu-toolchain/bin/../lib/gcc/arm-none-eabi/6.3.1/../../../../arm-none-eabi/lib/thumb/v6-m\libc_nano.a(lib_a-makebuf.o)
 .ARM.attributes
                0x000009fc       0x2c c:/program files (x86)/atmel/studio/7.0/toolchain/arm/arm-gnu-toolchain/bin/../lib/gcc/arm-none-eabi/6.3.1/../../../../arm-none-eabi/lib/thumb/v6-m\libc_nano.a(lib_a-malloc.o)
 .ARM.attributes
                0x00000a28       0x2c c:/program files (x86)/atmel/studio/7.0/toolchain/arm/arm-gnu-toolchain/bin/../lib/gcc/arm-none-eabi/6.3.1/../../../../arm-none-eabi/lib/thumb/v6-m\libc_nano.a(lib_a-nano-freer.o)
 .ARM.attributes
                0x00000a54       0x2c c:/program files (x86)/atmel/studio/7.0/toolchain/arm/arm-gnu-toolchain/bin/../lib/gcc/arm-none-eabi/6.3.1/../../../../arm-none-eabi/lib/thumb/v6-m\libc_nano.a(lib_a-nano-mallocr.o)
 .ARM.attributes
                0x00000a80       0x2c c:/program files (x86)/atmel/studio/7.0/toolchain/arm/arm-gnu-toolchain/bin/../lib/gcc/arm-none-eabi/6.3.1/../../../../arm-none-eabi/lib/thumb/v6-m\libc_nano.a(lib_a-nano-vfprintf.o)
 .ARM.attributes
                0x00000aac       0x2c c:/program files (x86)/atmel/studio/7.0/toolchain/arm/arm-gnu-toolchain/bin/../lib/gcc/arm-none-eabi/6.3.1/../../../../arm-none-eabi/lib/thumb/v6-m\libc_nano.a(lib_a-nano-vfprintf_i.o)
 .ARM.attributes
                0x00000ad8       0x2c c:/program files (x86)/atmel/studio/7.0/toolchain/arm/arm-gnu-toolchain/bin/../lib/gcc/arm-none-eabi/6.3.1/../../../../arm-none-eabi/lib/thumb/v6-m\libc_nano.a(lib_a-sbrkr.o)
 .ARM.attributes
                0x00000b04       0x2c c:/program files (x86)/atmel/studio/7.0/toolchain/arm/arm-gnu-toolchain/bin/../lib/gcc/arm-none-eabi/6.3.1/../../../../arm-none-eabi/lib/thumb/v6-m\libc_nano.a(lib_a-stdio.o)
 .ARM.attributes
                0x00000b30       0x2c c:/program files (x86)/atmel/studio/7.0/toolchain/arm/arm-gnu-toolchain/bin/../lib/gcc/arm-none-eabi/6.3.1/../../../../arm-none-eabi/lib/thumb/v6-m\libc_nano.a(lib_a-writer.o)
 .ARM.attributes
                0x00000b5c       0x2c c:/program files (x86)/atmel/studio/7.0/toolchain/arm/arm-gnu-toolchain/bin/../lib/gcc/arm-none-eabi/6.3.1/../../../../arm-none-eabi/lib/thumb/v6-m\libc_nano.a(lib_a-closer.o)
 .ARM.attributes
                0x00000b88       0x2c c:/program files (x86)/atmel/studio/7.0/toolchain/arm/arm-gnu-toolchain/bin/../lib/gcc/arm-none-eabi/6.3.1/../../../../arm-none-eabi/lib/thumb/v6-m\libc_nano.a(lib_a-fstatr.o)
 .ARM.attributes
                0x00000bb4       0x2c c:/program files (x86)/atmel/studio/7.0/toolchain/arm/arm-gnu-toolchain/bin/../lib/gcc/arm-none-eabi/6.3.1/../../../../arm-none-eabi/lib/thumb/v6-m\libc_nano.a(lib_a-isattyr.o)
 .ARM.attributes
                0x00000be0       0x2c c:/program files (x86)/atmel/studio/7.0/toolchain/arm/arm-gnu-toolchain/bin/../lib/gcc/arm-none-eabi/6.3.1/../../../../arm-none-eabi/lib/thumb/v6-m\libc_nano.a(lib_a-lseekr.o)
 .ARM.attributes
                0x00000c0c       0x2c c:/program files (x86)/atmel/studio/7.0/toolchain/arm/arm-gnu-toolchain/bin/../lib/gcc/arm-none-eabi/6.3.1/../../../../arm-none-eabi/lib/thumb/v6-m\libc_nano.a(lib_a-memchr-stub.o)
 .ARM.attributes
                0x00000c38       0x2c c:/program files (x86)/atmel/studio/7.0/toolchain/arm/arm-gnu-toolchain/bin/../lib/gcc/arm-none-eabi/6.3.1/../../../../arm-none-eabi/lib/thumb/v6-m\libc_nano.a(lib_a-mlock.o)
 .ARM.attributes
                0x00000c64       0x2c c:/program files (x86)/atmel/studio/7.0/toolchain/arm/arm-gnu-toolchain/bin/../lib/gcc/arm-none-eabi/6.3.1/../../../../arm-none-eabi/lib/thumb/v6-m\libc_nano.a(lib_a-readr.o)
 .ARM.attributes
                0x00000c90       0x2c c:/program files (x86)/atmel/studio/7.0/toolchain/arm/arm-gnu-toolchain/bin/../lib/gcc/arm-none-eabi/6.3.1/../../../../arm-none-eabi/lib/thumb/v6-m\libc_nano.a(lib_a-reent.o)
 .ARM.attributes
                0x00000cbc       0x1e c:/program files (x86)/atmel/studio/7.0/toolchain/arm/arm-gnu-toolchain/bin/../lib/gcc/arm-none-eabi/6.3.1/thumb/v6-m/crtn.o

.comment        0x00000000       0x59
 .comment       0x00000000       0x59 atmel_start.o
                                 0x5a (size before relaxing)
 .comment       0x00000059       0x5a Board/drv_VGM128064/oled.o
 .comment       0x00000059       0x5a Device_Startup/startup_saml21.o
 .comment       0x00000059       0x5a driver_init.o
 .comment       0x00000059       0x5a hal/src/hal_delay.o
 .comment       0x00000059       0x5a hal/src/hal_i2c_m_sync.o
 .comment       0x00000059       0x5a hal/src/hal_io.o
 .comment       0x00000059       0x5a hal/src/hal_pwm.o
 .comment       0x00000059       0x5a hal/src/hal_usart_sync.o
 .comment       0x00000059       0x5a hal/utils/src/utils_assert.o
 .comment       0x00000059       0x5a hal/utils/src/utils_syscalls.o
 .comment       0x00000059       0x5a hpl/core/hpl_core_m0plus_base.o
 .comment       0x00000059       0x5a hpl/core/hpl_init.o
 .comment       0x00000059       0x5a hpl/gclk/hpl_gclk.o
 .comment       0x00000059       0x5a hpl/mclk/hpl_mclk.o
 .comment       0x00000059       0x5a hpl/osc32kctrl/hpl_osc32kctrl.o
 .comment       0x00000059       0x5a hpl/oscctrl/hpl_oscctrl.o
 .comment       0x00000059       0x5a hpl/pm/hpl_pm.o
 .comment       0x00000059       0x5a hpl/sercom/hpl_sercom.o
 .comment       0x00000059       0x5a hpl/systick/hpl_systick.o
 .comment       0x00000059       0x5a hpl/tcc/hpl_tcc.o
 .comment       0x00000059       0x5a hpl/tc/hpl_tc.o
 .comment       0x00000059       0x5a main.o
 .comment       0x00000059       0x5a stdio_redirect/gcc/read.o
 .comment       0x00000059       0x5a stdio_redirect/gcc/write.o
 .comment       0x00000059       0x5a stdio_redirect/stdio_io.o
 .comment       0x00000059       0x5a stdio_start.o

.debug_info     0x00000000    0x2645a
 .debug_info    0x00000000      0xf11 atmel_start.o
 .debug_info    0x00000f11     0x1bf7 Board/drv_VGM128064/oled.o
 .debug_info    0x00002b08      0xa27 Device_Startup/startup_saml21.o
 .debug_info    0x0000352f     0x7d27 driver_init.o
 .debug_info    0x0000b256      0x1dc hal/src/hal_delay.o
 .debug_info    0x0000b432      0x87c hal/src/hal_i2c_m_sync.o
 .debug_info    0x0000bcae      0x2b2 hal/src/hal_io.o
 .debug_info    0x0000bf60      0x718 hal/src/hal_pwm.o
 .debug_info    0x0000c678      0xc35 hal/src/hal_usart_sync.o
 .debug_info    0x0000d2ad      0x107 hal/utils/src/utils_assert.o
 .debug_info    0x0000d3b4      0xdca hal/utils/src/utils_syscalls.o
 .debug_info    0x0000e17e      0x7f4 hpl/core/hpl_core_m0plus_base.o
 .debug_info    0x0000e972      0x6e7 hpl/core/hpl_init.o
 .debug_info    0x0000f059      0x517 hpl/gclk/hpl_gclk.o
 .debug_info    0x0000f570      0xa0e hpl/mclk/hpl_mclk.o
 .debug_info    0x0000ff7e      0x620 hpl/osc32kctrl/hpl_osc32kctrl.o
 .debug_info    0x0001059e      0xde3 hpl/oscctrl/hpl_oscctrl.o
 .debug_info    0x00011381      0xac0 hpl/pm/hpl_pm.o
 .debug_info    0x00011e41     0xa950 hpl/sercom/hpl_sercom.o
 .debug_info    0x0001c791      0x276 hpl/systick/hpl_systick.o
 .debug_info    0x0001ca07     0x34ff hpl/tcc/hpl_tcc.o
 .debug_info    0x0001ff06     0x2623 hpl/tc/hpl_tc.o
 .debug_info    0x00022529      0xf85 main.o
 .debug_info    0x000234ae      0xa34 stdio_redirect/gcc/read.o
 .debug_info    0x00023ee2      0xa34 stdio_redirect/gcc/write.o
 .debug_info    0x00024916      0xbe2 stdio_redirect/stdio_io.o
 .debug_info    0x000254f8      0xf62 stdio_start.o

.debug_abbrev   0x00000000     0x3d1e
 .debug_abbrev  0x00000000      0x1ce atmel_start.o
 .debug_abbrev  0x000001ce      0x3c1 Board/drv_VGM128064/oled.o
 .debug_abbrev  0x0000058f      0x1e4 Device_Startup/startup_saml21.o
 .debug_abbrev  0x00000773      0x352 driver_init.o
 .debug_abbrev  0x00000ac5       0xe1 hal/src/hal_delay.o
 .debug_abbrev  0x00000ba6      0x1d1 hal/src/hal_i2c_m_sync.o
 .debug_abbrev  0x00000d77      0x115 hal/src/hal_io.o
 .debug_abbrev  0x00000e8c      0x180 hal/src/hal_pwm.o
 .debug_abbrev  0x0000100c      0x217 hal/src/hal_usart_sync.o
 .debug_abbrev  0x00001223       0x86 hal/utils/src/utils_assert.o
 .debug_abbrev  0x000012a9      0x269 hal/utils/src/utils_syscalls.o
 .debug_abbrev  0x00001512      0x29d hpl/core/hpl_core_m0plus_base.o
 .debug_abbrev  0x000017af      0x1d9 hpl/core/hpl_init.o
 .debug_abbrev  0x00001988      0x154 hpl/gclk/hpl_gclk.o
 .debug_abbrev  0x00001adc      0x1b7 hpl/mclk/hpl_mclk.o
 .debug_abbrev  0x00001c93      0x1a2 hpl/osc32kctrl/hpl_osc32kctrl.o
 .debug_abbrev  0x00001e35      0x1ed hpl/oscctrl/hpl_oscctrl.o
 .debug_abbrev  0x00002022      0x23f hpl/pm/hpl_pm.o
 .debug_abbrev  0x00002261      0x5a2 hpl/sercom/hpl_sercom.o
 .debug_abbrev  0x00002803      0x185 hpl/systick/hpl_systick.o
 .debug_abbrev  0x00002988      0x4da hpl/tcc/hpl_tcc.o
 .debug_abbrev  0x00002e62      0x4de hpl/tc/hpl_tc.o
 .debug_abbrev  0x00003340      0x1e9 main.o
 .debug_abbrev  0x00003529      0x1e8 stdio_redirect/gcc/read.o
 .debug_abbrev  0x00003711      0x1e8 stdio_redirect/gcc/write.o
 .debug_abbrev  0x000038f9      0x229 stdio_redirect/stdio_io.o
 .debug_abbrev  0x00003b22      0x1fc stdio_start.o

.debug_loc      0x00000000     0xbdd0
 .debug_loc     0x00000000       0x20 atmel_start.o
 .debug_loc     0x00000020      0xade Board/drv_VGM128064/oled.o
 .debug_loc     0x00000afe       0x40 Device_Startup/startup_saml21.o
 .debug_loc     0x00000b3e      0xe4f driver_init.o
 .debug_loc     0x0000198d       0xc3 hal/src/hal_delay.o
 .debug_loc     0x00001a50      0x6df hal/src/hal_i2c_m_sync.o
 .debug_loc     0x0000212f      0x18a hal/src/hal_io.o
 .debug_loc     0x000022b9      0x47b hal/src/hal_pwm.o
 .debug_loc     0x00002734      0x9b2 hal/src/hal_usart_sync.o
 .debug_loc     0x000030e6      0x13b hal/utils/src/utils_syscalls.o
 .debug_loc     0x00003221      0x1d7 hpl/core/hpl_core_m0plus_base.o
 .debug_loc     0x000033f8       0x4c hpl/core/hpl_init.o
 .debug_loc     0x00003444       0x88 hpl/gclk/hpl_gclk.o
 .debug_loc     0x000034cc       0x84 hpl/mclk/hpl_mclk.o
 .debug_loc     0x00003550       0x94 hpl/osc32kctrl/hpl_osc32kctrl.o
 .debug_loc     0x000035e4       0x30 hpl/oscctrl/hpl_oscctrl.o
 .debug_loc     0x00003614      0x188 hpl/pm/hpl_pm.o
 .debug_loc     0x0000379c     0x6e0e hpl/sercom/hpl_sercom.o
 .debug_loc     0x0000a5aa      0x10e hpl/systick/hpl_systick.o
 .debug_loc     0x0000a6b8      0x9dc hpl/tcc/hpl_tcc.o
 .debug_loc     0x0000b094      0x9c5 hpl/tc/hpl_tc.o
 .debug_loc     0x0000ba59       0x20 main.o
 .debug_loc     0x0000ba79       0xe8 stdio_redirect/gcc/read.o
 .debug_loc     0x0000bb61       0xdc stdio_redirect/gcc/write.o
 .debug_loc     0x0000bc3d      0x153 stdio_redirect/stdio_io.o
 .debug_loc     0x0000bd90       0x40 stdio_start.o

.debug_aranges  0x00000000      0xc40
 .debug_aranges
                0x00000000       0x20 atmel_start.o
 .debug_aranges
                0x00000020       0xa0 Board/drv_VGM128064/oled.o
 .debug_aranges
                0x000000c0       0x28 Device_Startup/startup_saml21.o
 .debug_aranges
                0x000000e8       0xb8 driver_init.o
 .debug_aranges
                0x000001a0       0x38 hal/src/hal_delay.o
 .debug_aranges
                0x000001d8       0x88 hal/src/hal_i2c_m_sync.o
 .debug_aranges
                0x00000260       0x30 hal/src/hal_io.o
 .debug_aranges
                0x00000290       0x60 hal/src/hal_pwm.o
 .debug_aranges
                0x000002f0       0xa8 hal/src/hal_usart_sync.o
 .debug_aranges
                0x00000398       0x20 hal/utils/src/utils_assert.o
 .debug_aranges
                0x000003b8       0x60 hal/utils/src/utils_syscalls.o
 .debug_aranges
                0x00000418       0x70 hpl/core/hpl_core_m0plus_base.o
 .debug_aranges
                0x00000488       0x20 hpl/core/hpl_init.o
 .debug_aranges
                0x000004a8       0x28 hpl/gclk/hpl_gclk.o
 .debug_aranges
                0x000004d0       0x20 hpl/mclk/hpl_mclk.o
 .debug_aranges
                0x000004f0       0x20 hpl/osc32kctrl/hpl_osc32kctrl.o
 .debug_aranges
                0x00000510       0x28 hpl/oscctrl/hpl_oscctrl.o
 .debug_aranges
                0x00000538       0x30 hpl/pm/hpl_pm.o
 .debug_aranges
                0x00000568      0x4b8 hpl/sercom/hpl_sercom.o
 .debug_aranges
                0x00000a20       0x48 hpl/systick/hpl_systick.o
 .debug_aranges
                0x00000a68       0x98 hpl/tcc/hpl_tcc.o
 .debug_aranges
                0x00000b00       0x80 hpl/tc/hpl_tc.o
 .debug_aranges
                0x00000b80       0x20 main.o
 .debug_aranges
                0x00000ba0       0x20 stdio_redirect/gcc/read.o
 .debug_aranges
                0x00000bc0       0x20 stdio_redirect/gcc/write.o
 .debug_aranges
                0x00000be0       0x38 stdio_redirect/stdio_io.o
 .debug_aranges
                0x00000c18       0x28 stdio_start.o

.debug_ranges   0x00000000      0xfd8
 .debug_ranges  0x00000000       0x10 atmel_start.o
 .debug_ranges  0x00000010       0xa8 Board/drv_VGM128064/oled.o
 .debug_ranges  0x000000b8       0x18 Device_Startup/startup_saml21.o
 .debug_ranges  0x000000d0       0xa8 driver_init.o
 .debug_ranges  0x00000178       0x28 hal/src/hal_delay.o
 .debug_ranges  0x000001a0       0x78 hal/src/hal_i2c_m_sync.o
 .debug_ranges  0x00000218       0x20 hal/src/hal_io.o
 .debug_ranges  0x00000238       0x50 hal/src/hal_pwm.o
 .debug_ranges  0x00000288       0x98 hal/src/hal_usart_sync.o
 .debug_ranges  0x00000320       0x10 hal/utils/src/utils_assert.o
 .debug_ranges  0x00000330       0x50 hal/utils/src/utils_syscalls.o
 .debug_ranges  0x00000380       0x60 hpl/core/hpl_core_m0plus_base.o
 .debug_ranges  0x000003e0       0x10 hpl/core/hpl_init.o
 .debug_ranges  0x000003f0       0x18 hpl/gclk/hpl_gclk.o
 .debug_ranges  0x00000408       0x10 hpl/mclk/hpl_mclk.o
 .debug_ranges  0x00000418       0x10 hpl/osc32kctrl/hpl_osc32kctrl.o
 .debug_ranges  0x00000428       0x30 hpl/oscctrl/hpl_oscctrl.o
 .debug_ranges  0x00000458       0x20 hpl/pm/hpl_pm.o
 .debug_ranges  0x00000478      0x930 hpl/sercom/hpl_sercom.o
 .debug_ranges  0x00000da8       0x38 hpl/systick/hpl_systick.o
 .debug_ranges  0x00000de0       0xd0 hpl/tcc/hpl_tcc.o
 .debug_ranges  0x00000eb0       0xb8 hpl/tc/hpl_tc.o
 .debug_ranges  0x00000f68       0x10 main.o
 .debug_ranges  0x00000f78       0x10 stdio_redirect/gcc/read.o
 .debug_ranges  0x00000f88       0x10 stdio_redirect/gcc/write.o
 .debug_ranges  0x00000f98       0x28 stdio_redirect/stdio_io.o
 .debug_ranges  0x00000fc0       0x18 stdio_start.o

.debug_macro    0x00000000    0x1e6e9
 .debug_macro   0x00000000      0x756 atmel_start.o
 .debug_macro   0x00000756      0x89e atmel_start.o
 .debug_macro   0x00000ff4      0x16d atmel_start.o
 .debug_macro   0x00001161       0x22 atmel_start.o
 .debug_macro   0x00001183       0x87 atmel_start.o
 .debug_macro   0x0000120a       0x51 atmel_start.o
 .debug_macro   0x0000125b       0xef atmel_start.o
 .debug_macro   0x0000134a       0x6a atmel_start.o
 .debug_macro   0x000013b4      0x1df atmel_start.o
 .debug_macro   0x00001593       0x22 atmel_start.o
 .debug_macro   0x000015b5       0x46 atmel_start.o
 .debug_macro   0x000015fb       0x28 atmel_start.o
 .debug_macro   0x00001623       0x85 atmel_start.o
 .debug_macro   0x000016a8      0x375 atmel_start.o
 .debug_macro   0x00001a1d      0x714 atmel_start.o
 .debug_macro   0x00002131      0x8f0 atmel_start.o
 .debug_macro   0x00002a21      0x279 atmel_start.o
 .debug_macro   0x00002c9a      0x21e atmel_start.o
 .debug_macro   0x00002eb8      0x4c3 atmel_start.o
 .debug_macro   0x0000337b      0xe12 atmel_start.o
 .debug_macro   0x0000418d      0x5e7 atmel_start.o
 .debug_macro   0x00004774      0x5be atmel_start.o
 .debug_macro   0x00004d32      0x824 atmel_start.o
 .debug_macro   0x00005556      0x314 atmel_start.o
 .debug_macro   0x0000586a      0x5c6 atmel_start.o
 .debug_macro   0x00005e30      0x21c atmel_start.o
 .debug_macro   0x0000604c      0x729 atmel_start.o
 .debug_macro   0x00006775      0x16f atmel_start.o
 .debug_macro   0x000068e4      0x70f atmel_start.o
 .debug_macro   0x00006ff3      0x28c atmel_start.o
 .debug_macro   0x0000727f      0x6e1 atmel_start.o
 .debug_macro   0x00007960      0x2c5 atmel_start.o
 .debug_macro   0x00007c25      0x3c1 atmel_start.o
 .debug_macro   0x00007fe6      0x1a0 atmel_start.o
 .debug_macro   0x00008186     0x1260 atmel_start.o
 .debug_macro   0x000093e6      0xf4d atmel_start.o
 .debug_macro   0x0000a333      0x866 atmel_start.o
 .debug_macro   0x0000ab99      0x8ae atmel_start.o
 .debug_macro   0x0000b447     0x19be atmel_start.o
 .debug_macro   0x0000ce05       0xe7 atmel_start.o
 .debug_macro   0x0000ceec     0x13e6 atmel_start.o
 .debug_macro   0x0000e2d2      0x36a atmel_start.o
 .debug_macro   0x0000e63c       0x7c atmel_start.o
 .debug_macro   0x0000e6b8       0xac atmel_start.o
 .debug_macro   0x0000e764       0xca atmel_start.o
 .debug_macro   0x0000e82e       0x4c atmel_start.o
 .debug_macro   0x0000e87a       0x94 atmel_start.o
 .debug_macro   0x0000e90e       0xdc atmel_start.o
 .debug_macro   0x0000e9ea       0xb2 atmel_start.o
 .debug_macro   0x0000ea9c       0x64 atmel_start.o
 .debug_macro   0x0000eb00      0x5a4 atmel_start.o
 .debug_macro   0x0000f0a4      0x19d atmel_start.o
 .debug_macro   0x0000f241       0x70 atmel_start.o
 .debug_macro   0x0000f2b1       0xa0 atmel_start.o
 .debug_macro   0x0000f351       0xc4 atmel_start.o
 .debug_macro   0x0000f415       0x28 atmel_start.o
 .debug_macro   0x0000f43d       0xa0 atmel_start.o
 .debug_macro   0x0000f4dd       0x40 atmel_start.o
 .debug_macro   0x0000f51d       0x7c atmel_start.o
 .debug_macro   0x0000f599       0x40 atmel_start.o
 .debug_macro   0x0000f5d9      0x16c atmel_start.o
 .debug_macro   0x0000f745       0x34 atmel_start.o
 .debug_macro   0x0000f779       0xee atmel_start.o
 .debug_macro   0x0000f867      0x12b atmel_start.o
 .debug_macro   0x0000f992      0x12b atmel_start.o
 .debug_macro   0x0000fabd      0x12b atmel_start.o
 .debug_macro   0x0000fbe8      0x12b atmel_start.o
 .debug_macro   0x0000fd13      0x12b atmel_start.o
 .debug_macro   0x0000fe3e      0x12b atmel_start.o
 .debug_macro   0x0000ff69       0x5e atmel_start.o
 .debug_macro   0x0000ffc7       0xfa atmel_start.o
 .debug_macro   0x000100c1       0xfa atmel_start.o
 .debug_macro   0x000101bb       0xfa atmel_start.o
 .debug_macro   0x000102b5       0xfa atmel_start.o
 .debug_macro   0x000103af       0xfa atmel_start.o
 .debug_macro   0x000104a9      0x124 atmel_start.o
 .debug_macro   0x000105cd       0xfa atmel_start.o
 .debug_macro   0x000106c7       0xee atmel_start.o
 .debug_macro   0x000107b5       0x2e atmel_start.o
 .debug_macro   0x000107e3      0x40f atmel_start.o
 .debug_macro   0x00010bf2       0x3a atmel_start.o
 .debug_macro   0x00010c2c      0x42c atmel_start.o
 .debug_macro   0x00011058     0x23fb atmel_start.o
 .debug_macro   0x00013453       0x90 atmel_start.o
 .debug_macro   0x000134e3       0x10 atmel_start.o
 .debug_macro   0x000134f3       0x10 atmel_start.o
 .debug_macro   0x00013503       0x16 atmel_start.o
 .debug_macro   0x00013519       0x16 atmel_start.o
 .debug_macro   0x0001352f       0x16 atmel_start.o
 .debug_macro   0x00013545       0x16 atmel_start.o
 .debug_macro   0x0001355b       0x16 atmel_start.o
 .debug_macro   0x00013571       0x16 atmel_start.o
 .debug_macro   0x00013587       0x16 atmel_start.o
 .debug_macro   0x0001359d       0x16 atmel_start.o
 .debug_macro   0x000135b3       0x16 atmel_start.o
 .debug_macro   0x000135c9       0x16 atmel_start.o
 .debug_macro   0x000135df       0x16 atmel_start.o
 .debug_macro   0x000135f5       0x16 atmel_start.o
 .debug_macro   0x0001360b       0x16 atmel_start.o
 .debug_macro   0x00013621       0x16 atmel_start.o
 .debug_macro   0x00013637       0x16 atmel_start.o
 .debug_macro   0x0001364d       0x16 atmel_start.o
 .debug_macro   0x00013663       0x16 atmel_start.o
 .debug_macro   0x00013679       0x16 atmel_start.o
 .debug_macro   0x0001368f       0x16 atmel_start.o
 .debug_macro   0x000136a5       0x16 atmel_start.o
 .debug_macro   0x000136bb       0x16 atmel_start.o
 .debug_macro   0x000136d1       0x16 atmel_start.o
 .debug_macro   0x000136e7       0x16 atmel_start.o
 .debug_macro   0x000136fd       0x16 atmel_start.o
 .debug_macro   0x00013713       0x16 atmel_start.o
 .debug_macro   0x00013729       0x16 atmel_start.o
 .debug_macro   0x0001373f       0x16 atmel_start.o
 .debug_macro   0x00013755       0xca atmel_start.o
 .debug_macro   0x0001381f       0x1c atmel_start.o
 .debug_macro   0x0001383b       0x16 atmel_start.o
 .debug_macro   0x00013851       0x82 atmel_start.o
 .debug_macro   0x000138d3       0x76 atmel_start.o
 .debug_macro   0x00013949       0x58 atmel_start.o
 .debug_macro   0x000139a1       0x35 atmel_start.o
 .debug_macro   0x000139d6       0x9c atmel_start.o
 .debug_macro   0x00013a72       0x16 atmel_start.o
 .debug_macro   0x00013a88       0x35 atmel_start.o
 .debug_macro   0x00013abd      0x353 atmel_start.o
 .debug_macro   0x00013e10       0x10 atmel_start.o
 .debug_macro   0x00013e20       0x58 atmel_start.o
 .debug_macro   0x00013e78       0x1f atmel_start.o
 .debug_macro   0x00013e97       0x43 atmel_start.o
 .debug_macro   0x00013eda       0x20 atmel_start.o
 .debug_macro   0x00013efa      0x187 atmel_start.o
 .debug_macro   0x00014081       0x10 atmel_start.o
 .debug_macro   0x00014091       0x1c atmel_start.o
 .debug_macro   0x000140ad       0x52 atmel_start.o
 .debug_macro   0x000140ff       0x40 atmel_start.o
 .debug_macro   0x0001413f       0x10 atmel_start.o
 .debug_macro   0x0001414f       0x40 atmel_start.o
 .debug_macro   0x0001418f       0xd7 atmel_start.o
 .debug_macro   0x00014266       0x16 atmel_start.o
 .debug_macro   0x0001427c      0x18b atmel_start.o
 .debug_macro   0x00014407      0x769 Board/drv_VGM128064/oled.o
 .debug_macro   0x00014b70       0x52 Board/drv_VGM128064/oled.o
 .debug_macro   0x00014bc2       0x8d Board/drv_VGM128064/oled.o
 .debug_macro   0x00014c4f       0x57 Board/drv_VGM128064/oled.o
 .debug_macro   0x00014ca6       0x10 Board/drv_VGM128064/oled.o
 .debug_macro   0x00014cb6       0x1c Board/drv_VGM128064/oled.o
 .debug_macro   0x00014cd2       0x76 Board/drv_VGM128064/oled.o
 .debug_macro   0x00014d48       0x22 Board/drv_VGM128064/oled.o
 .debug_macro   0x00014d6a      0x35b Device_Startup/startup_saml21.o
 .debug_macro   0x000150c5       0x40 Device_Startup/startup_saml21.o
 .debug_macro   0x00015105      0x5e8 driver_init.o
 .debug_macro   0x000156ed       0x88 driver_init.o
 .debug_macro   0x00015775       0xc9 driver_init.o
 .debug_macro   0x0001583e      0x4f1 hal/src/hal_delay.o
 .debug_macro   0x00015d2f      0x4fa hal/src/hal_i2c_m_sync.o
 .debug_macro   0x00016229       0x70 hal/src/hal_i2c_m_sync.o
 .debug_macro   0x00016299      0x4d2 hal/src/hal_io.o
 .debug_macro   0x0001676b      0x4ef hal/src/hal_pwm.o
 .debug_macro   0x00016c5a      0x4f9 hal/src/hal_usart_sync.o
 .debug_macro   0x00017153      0x4c8 hal/utils/src/utils_assert.o
 .debug_macro   0x0001761b       0x10 hal/utils/src/utils_assert.o
 .debug_macro   0x0001762b      0x1d6 hal/utils/src/utils_syscalls.o
 .debug_macro   0x00017801       0x97 hal/utils/src/utils_syscalls.o
 .debug_macro   0x00017898       0xf6 hal/utils/src/utils_syscalls.o
 .debug_macro   0x0001798e       0x4c hal/utils/src/utils_syscalls.o
 .debug_macro   0x000179da       0x16 hal/utils/src/utils_syscalls.o
 .debug_macro   0x000179f0       0x10 hal/utils/src/utils_syscalls.o
 .debug_macro   0x00017a00       0x10 hal/utils/src/utils_syscalls.o
 .debug_macro   0x00017a10       0x35 hal/utils/src/utils_syscalls.o
 .debug_macro   0x00017a45      0x122 hal/utils/src/utils_syscalls.o
 .debug_macro   0x00017b67      0x519 hpl/core/hpl_core_m0plus_base.o
 .debug_macro   0x00018080      0x533 hpl/core/hpl_init.o
 .debug_macro   0x000185b3       0x28 hpl/core/hpl_init.o
 .debug_macro   0x000185db      0x772 hpl/core/hpl_init.o
 .debug_macro   0x00018d4d      0x4d5 hpl/gclk/hpl_gclk.o
 .debug_macro   0x00019222      0x1f4 hpl/gclk/hpl_gclk.o
 .debug_macro   0x00019416      0x4d1 hpl/mclk/hpl_mclk.o
 .debug_macro   0x000198e7      0x4cc hpl/osc32kctrl/hpl_osc32kctrl.o
 .debug_macro   0x00019db3       0xa4 hpl/osc32kctrl/hpl_osc32kctrl.o
 .debug_macro   0x00019e57      0x4cc hpl/oscctrl/hpl_oscctrl.o
 .debug_macro   0x0001a323      0x18c hpl/oscctrl/hpl_oscctrl.o
 .debug_macro   0x0001a4af      0x4d7 hpl/pm/hpl_pm.o
 .debug_macro   0x0001a986      0x70f hpl/sercom/hpl_sercom.o
 .debug_macro   0x0001b095      0x1e7 hpl/sercom/hpl_sercom.o
 .debug_macro   0x0001b27c       0x10 hpl/sercom/hpl_sercom.o
 .debug_macro   0x0001b28c       0x1c hpl/sercom/hpl_sercom.o
 .debug_macro   0x0001b2a8       0x22 hpl/sercom/hpl_sercom.o
 .debug_macro   0x0001b2ca       0x10 hpl/sercom/hpl_sercom.o
 .debug_macro   0x0001b2da      0x4cc hpl/systick/hpl_systick.o
 .debug_macro   0x0001b7a6       0x10 hpl/systick/hpl_systick.o
 .debug_macro   0x0001b7b6      0x54d hpl/tcc/hpl_tcc.o
 .debug_macro   0x0001bd03      0x27a hpl/tcc/hpl_tcc.o
 .debug_macro   0x0001bf7d      0x541 hpl/tc/hpl_tc.o
 .debug_macro   0x0001c4be       0x84 hpl/tc/hpl_tc.o
 .debug_macro   0x0001c542      0x760 main.o
 .debug_macro   0x0001cca2       0x7c main.o
 .debug_macro   0x0001cd1e      0x629 stdio_redirect/gcc/read.o
 .debug_macro   0x0001d347      0x629 stdio_redirect/gcc/write.o
 .debug_macro   0x0001d970      0x622 stdio_redirect/stdio_io.o
 .debug_macro   0x0001df92      0x757 stdio_start.o

.debug_line     0x00000000    0x14a68
 .debug_line    0x00000000      0xce1 atmel_start.o
 .debug_line    0x00000ce1      0xf10 Board/drv_VGM128064/oled.o
 .debug_line    0x00001bf1      0x749 Device_Startup/startup_saml21.o
 .debug_line    0x0000233a      0xe68 driver_init.o
 .debug_line    0x000031a2      0xa67 hal/src/hal_delay.o
 .debug_line    0x00003c09      0xb56 hal/src/hal_i2c_m_sync.o
 .debug_line    0x0000475f      0xa50 hal/src/hal_io.o
 .debug_line    0x000051af      0xb5d hal/src/hal_pwm.o
 .debug_line    0x00005d0c      0xc22 hal/src/hal_usart_sync.o
 .debug_line    0x0000692e      0xa05 hal/utils/src/utils_assert.o
 .debug_line    0x00007333      0x40c hal/utils/src/utils_syscalls.o
 .debug_line    0x0000773f      0xbac hpl/core/hpl_core_m0plus_base.o
 .debug_line    0x000082eb      0xacf hpl/core/hpl_init.o
 .debug_line    0x00008dba      0xa4f hpl/gclk/hpl_gclk.o
 .debug_line    0x00009809      0xa35 hpl/mclk/hpl_mclk.o
 .debug_line    0x0000a23e      0xa42 hpl/osc32kctrl/hpl_osc32kctrl.o
 .debug_line    0x0000ac80      0xa61 hpl/oscctrl/hpl_oscctrl.o
 .debug_line    0x0000b6e1      0xa74 hpl/pm/hpl_pm.o
 .debug_line    0x0000c155     0x285b hpl/sercom/hpl_sercom.o
 .debug_line    0x0000e9b0      0xa9a hpl/systick/hpl_systick.o
 .debug_line    0x0000f44a      0xd75 hpl/tcc/hpl_tcc.o
 .debug_line    0x000101bf      0xd04 hpl/tc/hpl_tc.o
 .debug_line    0x00010ec3      0xcfe main.o
 .debug_line    0x00011bc1      0xb2e stdio_redirect/gcc/read.o
 .debug_line    0x000126ef      0xb2f stdio_redirect/gcc/write.o
 .debug_line    0x0001321e      0xb54 stdio_redirect/stdio_io.o
 .debug_line    0x00013d72      0xcf6 stdio_start.o

.debug_str      0x00000000    0x8d8c3
 .debug_str     0x00000000    0x7ffbe atmel_start.o
                              0x805ee (size before relaxing)
 .debug_str     0x0007ffbe      0x327 Board/drv_VGM128064/oled.o
                              0x808ef (size before relaxing)
 .debug_str     0x000802e5      0x516 Device_Startup/startup_saml21.o
                              0x7b33e (size before relaxing)
 .debug_str     0x000807fb     0x1fe6 driver_init.o
                              0x7e8a7 (size before relaxing)
 .debug_str     0x000827e1       0xad hal/src/hal_delay.o
                              0x7bf60 (size before relaxing)
 .debug_str     0x0008288e      0x149 hal/src/hal_i2c_m_sync.o
                              0x7c80d (size before relaxing)
 .debug_str     0x000829d7       0x2c hal/src/hal_io.o
                              0x7bfa3 (size before relaxing)
 .debug_str     0x00082a03       0xaf hal/src/hal_pwm.o
                              0x7c632 (size before relaxing)
 .debug_str     0x00082ab2      0x47d hal/src/hal_usart_sync.o
                              0x7ca22 (size before relaxing)
 .debug_str     0x00082f2f       0x2a hal/utils/src/utils_assert.o
                              0x7bf06 (size before relaxing)
 .debug_str     0x00082f59      0x748 hal/utils/src/utils_syscalls.o
                               0x72db (size before relaxing)
 .debug_str     0x000836a1      0x31b hpl/core/hpl_core_m0plus_base.o
                              0x7cb4b (size before relaxing)
 .debug_str     0x000839bc     0x19b7 hpl/core/hpl_init.o
                              0x7de67 (size before relaxing)
 .debug_str     0x00085373      0x7ec hpl/gclk/hpl_gclk.o
                              0x7c80c (size before relaxing)
 .debug_str     0x00085b5f       0xa5 hpl/mclk/hpl_mclk.o
                              0x7c62d (size before relaxing)
 .debug_str     0x00085c04      0x479 hpl/osc32kctrl/hpl_osc32kctrl.o
                              0x7c35d (size before relaxing)
 .debug_str     0x0008607d      0x8b0 hpl/oscctrl/hpl_oscctrl.o
                              0x7c808 (size before relaxing)
 .debug_str     0x0008692d      0x367 hpl/pm/hpl_pm.o
                              0x7c2be (size before relaxing)
 .debug_str     0x00086c94     0x4ae3 hpl/sercom/hpl_sercom.o
                              0x82250 (size before relaxing)
 .debug_str     0x0008b777       0xcd hpl/systick/hpl_systick.o
                              0x7bf4e (size before relaxing)
 .debug_str     0x0008b844     0x163c hpl/tcc/hpl_tcc.o
                              0x7e843 (size before relaxing)
 .debug_str     0x0008ce80      0x968 hpl/tc/hpl_tc.o
                              0x7d895 (size before relaxing)
 .debug_str     0x0008d7e8       0x25 main.o
                              0x80759 (size before relaxing)
 .debug_str     0x0008d80d       0x2b stdio_redirect/gcc/read.o
                              0x7fcc6 (size before relaxing)
 .debug_str     0x0008d838       0x2d stdio_redirect/gcc/write.o
                              0x7fcc8 (size before relaxing)
 .debug_str     0x0008d865       0x4b stdio_redirect/stdio_io.o
                              0x7fd63 (size before relaxing)
 .debug_str     0x0008d8b0       0x13 stdio_start.o
                              0x8061e (size before relaxing)

.debug_frame    0x00000000     0x27f4
 .debug_frame   0x00000000       0x28 atmel_start.o
 .debug_frame   0x00000028      0x218 Board/drv_VGM128064/oled.o
 .debug_frame   0x00000240       0x38 Device_Startup/startup_saml21.o
 .debug_frame   0x00000278      0x1b8 driver_init.o
 .debug_frame   0x00000430       0x68 hal/src/hal_delay.o
 .debug_frame   0x00000498      0x164 hal/src/hal_i2c_m_sync.o
 .debug_frame   0x000005fc       0x58 hal/src/hal_io.o
 .debug_frame   0x00000654       0xec hal/src/hal_pwm.o
 .debug_frame   0x00000740      0x200 hal/src/hal_usart_sync.o
 .debug_frame   0x00000940       0x20 hal/utils/src/utils_assert.o
 .debug_frame   0x00000960       0xa8 hal/utils/src/utils_syscalls.o
 .debug_frame   0x00000a08       0xd4 hpl/core/hpl_core_m0plus_base.o
 .debug_frame   0x00000adc       0x28 hpl/core/hpl_init.o
 .debug_frame   0x00000b04       0x30 hpl/gclk/hpl_gclk.o
 .debug_frame   0x00000b34       0x20 hpl/mclk/hpl_mclk.o
 .debug_frame   0x00000b54       0x20 hpl/osc32kctrl/hpl_osc32kctrl.o
 .debug_frame   0x00000b74       0x30 hpl/oscctrl/hpl_oscctrl.o
 .debug_frame   0x00000ba4       0x40 hpl/pm/hpl_pm.o
 .debug_frame   0x00000be4      0xdcc hpl/sercom/hpl_sercom.o
 .debug_frame   0x000019b0       0x7c hpl/systick/hpl_systick.o
 .debug_frame   0x00001a2c      0x168 hpl/tcc/hpl_tcc.o
 .debug_frame   0x00001b94      0x134 hpl/tc/hpl_tc.o
 .debug_frame   0x00001cc8       0x28 main.o
 .debug_frame   0x00001cf0       0x28 stdio_redirect/gcc/read.o
 .debug_frame   0x00001d18       0x28 stdio_redirect/gcc/write.o
 .debug_frame   0x00001d40       0x6c stdio_redirect/stdio_io.o
 .debug_frame   0x00001dac       0x40 stdio_start.o
 .debug_frame   0x00001dec       0x20 c:/program files (x86)/atmel/studio/7.0/toolchain/arm/arm-gnu-toolchain/bin/../lib/gcc/arm-none-eabi/6.3.1/thumb/v6-m\libgcc.a(_udivsi3.o)
 .debug_frame   0x00001e0c       0x2c c:/program files (x86)/atmel/studio/7.0/toolchain/arm/arm-gnu-toolchain/bin/../lib/gcc/arm-none-eabi/6.3.1/thumb/v6-m\libgcc.a(_fixunsdfsi.o)
 .debug_frame   0x00001e38       0x3c c:/program files (x86)/atmel/studio/7.0/toolchain/arm/arm-gnu-toolchain/bin/../lib/gcc/arm-none-eabi/6.3.1/thumb/v6-m\libgcc.a(divdf3.o)
 .debug_frame   0x00001e74       0x3c c:/program files (x86)/atmel/studio/7.0/toolchain/arm/arm-gnu-toolchain/bin/../lib/gcc/arm-none-eabi/6.3.1/thumb/v6-m\libgcc.a(muldf3.o)
 .debug_frame   0x00001eb0       0x38 c:/program files (x86)/atmel/studio/7.0/toolchain/arm/arm-gnu-toolchain/bin/../lib/gcc/arm-none-eabi/6.3.1/thumb/v6-m\libgcc.a(subdf3.o)
 .debug_frame   0x00001ee8       0x2c c:/program files (x86)/atmel/studio/7.0/toolchain/arm/arm-gnu-toolchain/bin/../lib/gcc/arm-none-eabi/6.3.1/thumb/v6-m\libgcc.a(fixdfsi.o)
 .debug_frame   0x00001f14       0x2c c:/program files (x86)/atmel/studio/7.0/toolchain/arm/arm-gnu-toolchain/bin/../lib/gcc/arm-none-eabi/6.3.1/thumb/v6-m\libgcc.a(floatsidf.o)
 .debug_frame   0x00001f40       0x28 c:/program files (x86)/atmel/studio/7.0/toolchain/arm/arm-gnu-toolchain/bin/../lib/gcc/arm-none-eabi/6.3.1/thumb/v6-m\libgcc.a(floatunsidf.o)
 .debug_frame   0x00001f68       0x38 c:/program files (x86)/atmel/studio/7.0/toolchain/arm/arm-gnu-toolchain/bin/../lib/gcc/arm-none-eabi/6.3.1/thumb/v6-m\libgcc.a(eqdf2.o)
 .debug_frame   0x00001fa0       0x38 c:/program files (x86)/atmel/studio/7.0/toolchain/arm/arm-gnu-toolchain/bin/../lib/gcc/arm-none-eabi/6.3.1/thumb/v6-m\libgcc.a(gedf2.o)
 .debug_frame   0x00001fd8       0x38 c:/program files (x86)/atmel/studio/7.0/toolchain/arm/arm-gnu-toolchain/bin/../lib/gcc/arm-none-eabi/6.3.1/thumb/v6-m\libgcc.a(ledf2.o)
 .debug_frame   0x00002010       0x2c c:/program files (x86)/atmel/studio/7.0/toolchain/arm/arm-gnu-toolchain/bin/../lib/gcc/arm-none-eabi/6.3.1/../../../../arm-none-eabi/lib/thumb/v6-m\libc_nano.a(lib_a-init.o)
 .debug_frame   0x0000203c       0x20 c:/program files (x86)/atmel/studio/7.0/toolchain/arm/arm-gnu-toolchain/bin/../lib/gcc/arm-none-eabi/6.3.1/../../../../arm-none-eabi/lib/thumb/v6-m\libc_nano.a(lib_a-memset.o)
 .debug_frame   0x0000205c       0x50 c:/program files (x86)/atmel/studio/7.0/toolchain/arm/arm-gnu-toolchain/bin/../lib/gcc/arm-none-eabi/6.3.1/../../../../arm-none-eabi/lib/thumb/v6-m\libc_nano.a(lib_a-printf.o)
 .debug_frame   0x000020ac       0x44 c:/program files (x86)/atmel/studio/7.0/toolchain/arm/arm-gnu-toolchain/bin/../lib/gcc/arm-none-eabi/6.3.1/../../../../arm-none-eabi/lib/thumb/v6-m\libc_nano.a(lib_a-puts.o)
 .debug_frame   0x000020f0       0x28 c:/program files (x86)/atmel/studio/7.0/toolchain/arm/arm-gnu-toolchain/bin/../lib/gcc/arm-none-eabi/6.3.1/../../../../arm-none-eabi/lib/thumb/v6-m\libc_nano.a(lib_a-setbuf.o)
 .debug_frame   0x00002118       0x30 c:/program files (x86)/atmel/studio/7.0/toolchain/arm/arm-gnu-toolchain/bin/../lib/gcc/arm-none-eabi/6.3.1/../../../../arm-none-eabi/lib/thumb/v6-m\libc_nano.a(lib_a-setvbuf.o)
 .debug_frame   0x00002148       0x48 c:/program files (x86)/atmel/studio/7.0/toolchain/arm/arm-gnu-toolchain/bin/../lib/gcc/arm-none-eabi/6.3.1/../../../../arm-none-eabi/lib/thumb/v6-m\libc_nano.a(lib_a-wbuf.o)
 .debug_frame   0x00002190       0x2c c:/program files (x86)/atmel/studio/7.0/toolchain/arm/arm-gnu-toolchain/bin/../lib/gcc/arm-none-eabi/6.3.1/../../../../arm-none-eabi/lib/thumb/v6-m\libc_nano.a(lib_a-wsetup.o)
 .debug_frame   0x000021bc       0x68 c:/program files (x86)/atmel/studio/7.0/toolchain/arm/arm-gnu-toolchain/bin/../lib/gcc/arm-none-eabi/6.3.1/../../../../arm-none-eabi/lib/thumb/v6-m\libc_nano.a(lib_a-fflush.o)
 .debug_frame   0x00002224      0x140 c:/program files (x86)/atmel/studio/7.0/toolchain/arm/arm-gnu-toolchain/bin/../lib/gcc/arm-none-eabi/6.3.1/../../../../arm-none-eabi/lib/thumb/v6-m\libc_nano.a(lib_a-findfp.o)
 .debug_frame   0x00002364       0x58 c:/program files (x86)/atmel/studio/7.0/toolchain/arm/arm-gnu-toolchain/bin/../lib/gcc/arm-none-eabi/6.3.1/../../../../arm-none-eabi/lib/thumb/v6-m\libc_nano.a(lib_a-fwalk.o)
 .debug_frame   0x000023bc       0x54 c:/program files (x86)/atmel/studio/7.0/toolchain/arm/arm-gnu-toolchain/bin/../lib/gcc/arm-none-eabi/6.3.1/../../../../arm-none-eabi/lib/thumb/v6-m\libc_nano.a(lib_a-makebuf.o)
 .debug_frame   0x00002410       0x40 c:/program files (x86)/atmel/studio/7.0/toolchain/arm/arm-gnu-toolchain/bin/../lib/gcc/arm-none-eabi/6.3.1/../../../../arm-none-eabi/lib/thumb/v6-m\libc_nano.a(lib_a-malloc.o)
 .debug_frame   0x00002450       0x2c c:/program files (x86)/atmel/studio/7.0/toolchain/arm/arm-gnu-toolchain/bin/../lib/gcc/arm-none-eabi/6.3.1/../../../../arm-none-eabi/lib/thumb/v6-m\libc_nano.a(lib_a-nano-freer.o)
 .debug_frame   0x0000247c       0x2c c:/program files (x86)/atmel/studio/7.0/toolchain/arm/arm-gnu-toolchain/bin/../lib/gcc/arm-none-eabi/6.3.1/../../../../arm-none-eabi/lib/thumb/v6-m\libc_nano.a(lib_a-nano-mallocr.o)
 .debug_frame   0x000024a8       0x9c c:/program files (x86)/atmel/studio/7.0/toolchain/arm/arm-gnu-toolchain/bin/../lib/gcc/arm-none-eabi/6.3.1/../../../../arm-none-eabi/lib/thumb/v6-m\libc_nano.a(lib_a-nano-vfprintf.o)
 .debug_frame   0x00002544       0x54 c:/program files (x86)/atmel/studio/7.0/toolchain/arm/arm-gnu-toolchain/bin/../lib/gcc/arm-none-eabi/6.3.1/../../../../arm-none-eabi/lib/thumb/v6-m\libc_nano.a(lib_a-nano-vfprintf_i.o)
 .debug_frame   0x00002598       0x2c c:/program files (x86)/atmel/studio/7.0/toolchain/arm/arm-gnu-toolchain/bin/../lib/gcc/arm-none-eabi/6.3.1/../../../../arm-none-eabi/lib/thumb/v6-m\libc_nano.a(lib_a-sbrkr.o)
 .debug_frame   0x000025c4       0x90 c:/program files (x86)/atmel/studio/7.0/toolchain/arm/arm-gnu-toolchain/bin/../lib/gcc/arm-none-eabi/6.3.1/../../../../arm-none-eabi/lib/thumb/v6-m\libc_nano.a(lib_a-stdio.o)
 .debug_frame   0x00002654       0x2c c:/program files (x86)/atmel/studio/7.0/toolchain/arm/arm-gnu-toolchain/bin/../lib/gcc/arm-none-eabi/6.3.1/../../../../arm-none-eabi/lib/thumb/v6-m\libc_nano.a(lib_a-writer.o)
 .debug_frame   0x00002680       0x2c c:/program files (x86)/atmel/studio/7.0/toolchain/arm/arm-gnu-toolchain/bin/../lib/gcc/arm-none-eabi/6.3.1/../../../../arm-none-eabi/lib/thumb/v6-m\libc_nano.a(lib_a-closer.o)
 .debug_frame   0x000026ac       0x2c c:/program files (x86)/atmel/studio/7.0/toolchain/arm/arm-gnu-toolchain/bin/../lib/gcc/arm-none-eabi/6.3.1/../../../../arm-none-eabi/lib/thumb/v6-m\libc_nano.a(lib_a-fstatr.o)
 .debug_frame   0x000026d8       0x2c c:/program files (x86)/atmel/studio/7.0/toolchain/arm/arm-gnu-toolchain/bin/../lib/gcc/arm-none-eabi/6.3.1/../../../../arm-none-eabi/lib/thumb/v6-m\libc_nano.a(lib_a-isattyr.o)
 .debug_frame   0x00002704       0x2c c:/program files (x86)/atmel/studio/7.0/toolchain/arm/arm-gnu-toolchain/bin/../lib/gcc/arm-none-eabi/6.3.1/../../../../arm-none-eabi/lib/thumb/v6-m\libc_nano.a(lib_a-lseekr.o)
 .debug_frame   0x00002730       0x20 c:/program files (x86)/atmel/studio/7.0/toolchain/arm/arm-gnu-toolchain/bin/../lib/gcc/arm-none-eabi/6.3.1/../../../../arm-none-eabi/lib/thumb/v6-m\libc_nano.a(lib_a-memchr-stub.o)